Build wheels (macos-latest)	Set up job	Ôªø2025-12-03T16:16:59.0241880Z Current runner version: '2.329.0'
Build wheels (macos-latest)	Set up job	2025-12-03T16:16:59.0263260Z ##[group]Runner Image Provisioner
Build wheels (macos-latest)	Set up job	2025-12-03T16:16:59.0263940Z Hosted Compute Agent
Build wheels (macos-latest)	Set up job	2025-12-03T16:16:59.0264290Z Version: 20251124.448
Build wheels (macos-latest)	Set up job	2025-12-03T16:16:59.0265910Z Commit: fda5086b43ec66ade217e5fcd18146c879571177
Build wheels (macos-latest)	Set up job	2025-12-03T16:16:59.0266540Z Build Date: 2025-11-24T21:16:26Z
Build wheels (macos-latest)	Set up job	2025-12-03T16:16:59.0266970Z ##[endgroup]
Build wheels (macos-latest)	Set up job	2025-12-03T16:16:59.0267330Z ##[group]Operating System
Build wheels (macos-latest)	Set up job	2025-12-03T16:16:59.0267710Z macOS
Build wheels (macos-latest)	Set up job	2025-12-03T16:16:59.0268030Z 15.7.2
Build wheels (macos-latest)	Set up job	2025-12-03T16:16:59.0268370Z 24G325
Build wheels (macos-latest)	Set up job	2025-12-03T16:16:59.0268670Z ##[endgroup]
Build wheels (macos-latest)	Set up job	2025-12-03T16:16:59.0269020Z ##[group]Runner Image
Build wheels (macos-latest)	Set up job	2025-12-03T16:16:59.0269390Z Image: macos-15-arm64
Build wheels (macos-latest)	Set up job	2025-12-03T16:16:59.0269730Z Version: 20251126.0044
Build wheels (macos-latest)	Set up job	2025-12-03T16:16:59.0270520Z Included Software: https://github.com/actions/runner-images/blob/macos-15-arm64/20251126.0044/images/macos/macos-15-arm64-Readme.md
Build wheels (macos-latest)	Set up job	2025-12-03T16:16:59.0271530Z Image Release: https://github.com/actions/runner-images/releases/tag/macos-15-arm64%2F20251126.0044
Build wheels (macos-latest)	Set up job	2025-12-03T16:16:59.0275840Z ##[endgroup]
Build wheels (macos-latest)	Set up job	2025-12-03T16:16:59.0276650Z ##[group]GITHUB_TOKEN Permissions
Build wheels (macos-latest)	Set up job	2025-12-03T16:16:59.0278260Z Contents: read
Build wheels (macos-latest)	Set up job	2025-12-03T16:16:59.0278590Z Metadata: read
Build wheels (macos-latest)	Set up job	2025-12-03T16:16:59.0278920Z ##[endgroup]
Build wheels (macos-latest)	Set up job	2025-12-03T16:16:59.0280600Z Secret source: Actions
Build wheels (macos-latest)	Set up job	2025-12-03T16:16:59.0281040Z Prepare workflow directory
Build wheels (macos-latest)	Set up job	2025-12-03T16:16:59.0660830Z Prepare all required actions
Build wheels (macos-latest)	Set up job	2025-12-03T16:16:59.0736410Z Getting action download info
Build wheels (macos-latest)	Set up job	2025-12-03T16:16:59.3494470Z Download action repository 'actions/checkout@v4' (SHA:34e114876b0b11c390a56381ad16ebd13914f8d5)
Build wheels (macos-latest)	Set up job	2025-12-03T16:17:01.1479830Z Download action repository 'actions/setup-python@v5' (SHA:a26af69be951a213d495a4c3e4e4022e16d87065)
Build wheels (macos-latest)	Set up job	2025-12-03T16:17:01.2875580Z Download action repository 'dtolnay/rust-toolchain@stable' (SHA:6d9817901c499d6b02debbb57edb38d33daa680b)
Build wheels (macos-latest)	Set up job	2025-12-03T16:17:02.2817190Z Download action repository 'actions/upload-artifact@v4' (SHA:ea165f8d65b6e75b540449e92b4886f43607fa02)
Build wheels (macos-latest)	Set up job	2025-12-03T16:17:02.6058360Z Complete job name: Build wheels (macos-latest)
Build wheels (macos-latest)	Run actions/checkout@v4	Ôªø2025-12-03T16:17:02.6697330Z ##[group]Run actions/checkout@v4
Build wheels (macos-latest)	Run actions/checkout@v4	2025-12-03T16:17:02.6698550Z with:
Build wheels (macos-latest)	Run actions/checkout@v4	2025-12-03T16:17:02.6699080Z   repository: varun29ankuS/shodh-memory
Build wheels (macos-latest)	Run actions/checkout@v4	2025-12-03T16:17:02.6700000Z   token: ***
Build wheels (macos-latest)	Run actions/checkout@v4	2025-12-03T16:17:02.6700490Z   ssh-strict: true
Build wheels (macos-latest)	Run actions/checkout@v4	2025-12-03T16:17:02.6701000Z   ssh-user: git
Build wheels (macos-latest)	Run actions/checkout@v4	2025-12-03T16:17:02.6701520Z   persist-credentials: true
Build wheels (macos-latest)	Run actions/checkout@v4	2025-12-03T16:17:02.6702090Z   clean: true
Build wheels (macos-latest)	Run actions/checkout@v4	2025-12-03T16:17:02.6702630Z   sparse-checkout-cone-mode: true
Build wheels (macos-latest)	Run actions/checkout@v4	2025-12-03T16:17:02.6703230Z   fetch-depth: 1
Build wheels (macos-latest)	Run actions/checkout@v4	2025-12-03T16:17:02.6703750Z   fetch-tags: false
Build wheels (macos-latest)	Run actions/checkout@v4	2025-12-03T16:17:02.6704270Z   show-progress: true
Build wheels (macos-latest)	Run actions/checkout@v4	2025-12-03T16:17:02.6704800Z   lfs: false
Build wheels (macos-latest)	Run actions/checkout@v4	2025-12-03T16:17:02.6705280Z   submodules: false
Build wheels (macos-latest)	Run actions/checkout@v4	2025-12-03T16:17:02.6707550Z   set-safe-directory: true
Build wheels (macos-latest)	Run actions/checkout@v4	2025-12-03T16:17:02.6710080Z ##[endgroup]
Build wheels (macos-latest)	Run actions/checkout@v4	2025-12-03T16:17:03.2087270Z Syncing repository: varun29ankuS/shodh-memory
Build wheels (macos-latest)	Run actions/checkout@v4	2025-12-03T16:17:03.2089240Z ##[group]Getting Git version info
Build wheels (macos-latest)	Run actions/checkout@v4	2025-12-03T16:17:03.2090090Z Working directory is '/Users/runner/work/shodh-memory/shodh-memory'
Build wheels (macos-latest)	Run actions/checkout@v4	2025-12-03T16:17:03.2091540Z [command]/opt/homebrew/bin/git version
Build wheels (macos-latest)	Run actions/checkout@v4	2025-12-03T16:17:03.2676330Z git version 2.50.1
Build wheels (macos-latest)	Run actions/checkout@v4	2025-12-03T16:17:03.2780050Z ##[endgroup]
Build wheels (macos-latest)	Run actions/checkout@v4	2025-12-03T16:17:03.2790120Z Copying '/Users/runner/.gitconfig' to '/Users/runner/work/_temp/50497b58-58a8-41fb-948a-5e00f35650b7/.gitconfig'
Build wheels (macos-latest)	Run actions/checkout@v4	2025-12-03T16:17:03.2823840Z Temporarily overriding HOME='/Users/runner/work/_temp/50497b58-58a8-41fb-948a-5e00f35650b7' before making global git config changes
Build wheels (macos-latest)	Run actions/checkout@v4	2025-12-03T16:17:03.2832620Z Adding repository directory to the temporary git global config as a safe directory
Build wheels (macos-latest)	Run actions/checkout@v4	2025-12-03T16:17:03.2877280Z [command]/opt/homebrew/bin/git config --global --add safe.directory /Users/runner/work/shodh-memory/shodh-memory
Build wheels (macos-latest)	Run actions/checkout@v4	2025-12-03T16:17:03.3157290Z Deleting the contents of '/Users/runner/work/shodh-memory/shodh-memory'
Build wheels (macos-latest)	Run actions/checkout@v4	2025-12-03T16:17:03.3159230Z ##[group]Initializing the repository
Build wheels (macos-latest)	Run actions/checkout@v4	2025-12-03T16:17:03.3160340Z [command]/opt/homebrew/bin/git init /Users/runner/work/shodh-memory/shodh-memory
Build wheels (macos-latest)	Run actions/checkout@v4	2025-12-03T16:17:03.3931490Z hint: Using 'master' as the name for the initial branch. This default branch name
Build wheels (macos-latest)	Run actions/checkout@v4	2025-12-03T16:17:03.3933160Z hint: is subject to change. To configure the initial branch name to use in all
Build wheels (macos-latest)	Run actions/checkout@v4	2025-12-03T16:17:03.3934330Z hint: of your new repositories, which will suppress this warning, call:
Build wheels (macos-latest)	Run actions/checkout@v4	2025-12-03T16:17:03.3935210Z hint:
Build wheels (macos-latest)	Run actions/checkout@v4	2025-12-03T16:17:03.3935850Z hint: 	git config --global init.defaultBranch <name>
Build wheels (macos-latest)	Run actions/checkout@v4	2025-12-03T16:17:03.3936650Z hint:
Build wheels (macos-latest)	Run actions/checkout@v4	2025-12-03T16:17:03.3937410Z hint: Names commonly chosen instead of 'master' are 'main', 'trunk' and
Build wheels (macos-latest)	Run actions/checkout@v4	2025-12-03T16:17:03.3939620Z hint: 'development'. The just-created branch can be renamed via this command:
Build wheels (macos-latest)	Run actions/checkout@v4	2025-12-03T16:17:03.3941030Z hint:
Build wheels (macos-latest)	Run actions/checkout@v4	2025-12-03T16:17:03.3941660Z hint: 	git branch -m <name>
Build wheels (macos-latest)	Run actions/checkout@v4	2025-12-03T16:17:03.3942290Z hint:
Build wheels (macos-latest)	Run actions/checkout@v4	2025-12-03T16:17:03.3943320Z hint: Disable this message with "git config set advice.defaultBranchName false"
Build wheels (macos-latest)	Run actions/checkout@v4	2025-12-03T16:17:03.3954310Z Initialized empty Git repository in /Users/runner/work/shodh-memory/shodh-memory/.git/
Build wheels (macos-latest)	Run actions/checkout@v4	2025-12-03T16:17:03.4113840Z [command]/opt/homebrew/bin/git remote add origin https://github.com/varun29ankuS/shodh-memory
Build wheels (macos-latest)	Run actions/checkout@v4	2025-12-03T16:17:03.4161750Z ##[endgroup]
Build wheels (macos-latest)	Run actions/checkout@v4	2025-12-03T16:17:03.4163570Z ##[group]Disabling automatic garbage collection
Build wheels (macos-latest)	Run actions/checkout@v4	2025-12-03T16:17:03.4164610Z [command]/opt/homebrew/bin/git config --local gc.auto 0
Build wheels (macos-latest)	Run actions/checkout@v4	2025-12-03T16:17:03.4438300Z ##[endgroup]
Build wheels (macos-latest)	Run actions/checkout@v4	2025-12-03T16:17:03.4439750Z ##[group]Setting up auth
Build wheels (macos-latest)	Run actions/checkout@v4	2025-12-03T16:17:03.4441320Z [command]/opt/homebrew/bin/git config --local --name-only --get-regexp core\.sshCommand
Build wheels (macos-latest)	Run actions/checkout@v4	2025-12-03T16:17:03.4489100Z [command]/opt/homebrew/bin/git submodule foreach --recursive sh -c "git config --local --name-only --get-regexp 'core\.sshCommand' && git config --local --unset-all 'core.sshCommand' || :"
Build wheels (macos-latest)	Run actions/checkout@v4	2025-12-03T16:17:03.6297620Z [command]/opt/homebrew/bin/git config --local --name-only --get-regexp http\.https\:\/\/github\.com\/\.extraheader
Build wheels (macos-latest)	Run actions/checkout@v4	2025-12-03T16:17:03.6422210Z [command]/opt/homebrew/bin/git submodule foreach --recursive sh -c "git config --local --name-only --get-regexp 'http\.https\:\/\/github\.com\/\.extraheader' && git config --local --unset-all 'http.https://github.com/.extraheader' || :"
Build wheels (macos-latest)	Run actions/checkout@v4	2025-12-03T16:17:03.7906860Z [command]/opt/homebrew/bin/git config --local --name-only --get-regexp ^includeIf\.gitdir:
Build wheels (macos-latest)	Run actions/checkout@v4	2025-12-03T16:17:03.8018540Z [command]/opt/homebrew/bin/git submodule foreach --recursive git config --local --show-origin --name-only --get-regexp remote.origin.url
Build wheels (macos-latest)	Run actions/checkout@v4	2025-12-03T16:17:03.9684120Z [command]/opt/homebrew/bin/git config --local http.https://github.com/.extraheader AUTHORIZATION: basic ***
Build wheels (macos-latest)	Run actions/checkout@v4	2025-12-03T16:17:03.9722560Z ##[endgroup]
Build wheels (macos-latest)	Run actions/checkout@v4	2025-12-03T16:17:03.9723210Z ##[group]Fetching the repository
Build wheels (macos-latest)	Run actions/checkout@v4	2025-12-03T16:17:03.9723980Z [command]/opt/homebrew/bin/git -c protocol.version=2 fetch --no-tags --prune --no-recurse-submodules --depth=1 origin +855c304a748323f3ffab43e702c420bc41434fcc:refs/tags/v0.1.0
Build wheels (macos-latest)	Run actions/checkout@v4	2025-12-03T16:17:04.9535750Z From https://github.com/varun29ankuS/shodh-memory
Build wheels (macos-latest)	Run actions/checkout@v4	2025-12-03T16:17:04.9536730Z  * [new ref]         855c304a748323f3ffab43e702c420bc41434fcc -> v0.1.0
Build wheels (macos-latest)	Run actions/checkout@v4	2025-12-03T16:17:04.9650200Z ##[endgroup]
Build wheels (macos-latest)	Run actions/checkout@v4	2025-12-03T16:17:04.9650780Z ##[group]Determining the checkout info
Build wheels (macos-latest)	Run actions/checkout@v4	2025-12-03T16:17:04.9651400Z ##[endgroup]
Build wheels (macos-latest)	Run actions/checkout@v4	2025-12-03T16:17:04.9651790Z [command]/opt/homebrew/bin/git sparse-checkout disable
Build wheels (macos-latest)	Run actions/checkout@v4	2025-12-03T16:17:04.9771060Z [command]/opt/homebrew/bin/git config --local --unset-all extensions.worktreeConfig
Build wheels (macos-latest)	Run actions/checkout@v4	2025-12-03T16:17:04.9869000Z ##[group]Checking out the ref
Build wheels (macos-latest)	Run actions/checkout@v4	2025-12-03T16:17:04.9886630Z [command]/opt/homebrew/bin/git checkout --progress --force refs/tags/v0.1.0
Build wheels (macos-latest)	Run actions/checkout@v4	2025-12-03T16:17:05.0219770Z HEAD is now at 855c304 Add PyPI publishing workflow and fix package metadata
Build wheels (macos-latest)	Run actions/checkout@v4	2025-12-03T16:17:05.0234410Z ##[endgroup]
Build wheels (macos-latest)	Run actions/checkout@v4	2025-12-03T16:17:05.0358250Z [command]/opt/homebrew/bin/git log -1 --format=%H
Build wheels (macos-latest)	Run actions/checkout@v4	2025-12-03T16:17:05.0449320Z 855c304a748323f3ffab43e702c420bc41434fcc
Build wheels (macos-latest)	Run actions/setup-python@v5	Ôªø2025-12-03T16:17:05.0822310Z ##[group]Run actions/setup-python@v5
Build wheels (macos-latest)	Run actions/setup-python@v5	2025-12-03T16:17:05.0822590Z with:
Build wheels (macos-latest)	Run actions/setup-python@v5	2025-12-03T16:17:05.0822800Z   python-version: 3.11
Build wheels (macos-latest)	Run actions/setup-python@v5	2025-12-03T16:17:05.0823240Z   check-latest: false
Build wheels (macos-latest)	Run actions/setup-python@v5	2025-12-03T16:17:05.0823670Z   token: ***
Build wheels (macos-latest)	Run actions/setup-python@v5	2025-12-03T16:17:05.0823840Z   update-environment: true
Build wheels (macos-latest)	Run actions/setup-python@v5	2025-12-03T16:17:05.0825000Z   allow-prereleases: false
Build wheels (macos-latest)	Run actions/setup-python@v5	2025-12-03T16:17:05.0825330Z   freethreaded: false
Build wheels (macos-latest)	Run actions/setup-python@v5	2025-12-03T16:17:05.0825530Z ##[endgroup]
Build wheels (macos-latest)	Run actions/setup-python@v5	2025-12-03T16:17:05.2783660Z ##[group]Installed versions
Build wheels (macos-latest)	Run actions/setup-python@v5	2025-12-03T16:17:05.2975920Z Successfully set up CPython (3.11.9)
Build wheels (macos-latest)	Run actions/setup-python@v5	2025-12-03T16:17:05.2979590Z ##[endgroup]
Build wheels (macos-latest)	Run dtolnay/rust-toolchain@stable	Ôªø2025-12-03T16:17:05.3202040Z ##[group]Run dtolnay/rust-toolchain@stable
Build wheels (macos-latest)	Run dtolnay/rust-toolchain@stable	2025-12-03T16:17:05.3202520Z with:
Build wheels (macos-latest)	Run dtolnay/rust-toolchain@stable	2025-12-03T16:17:05.3202700Z   targets: aarch64-apple-darwin
Build wheels (macos-latest)	Run dtolnay/rust-toolchain@stable	2025-12-03T16:17:05.3203000Z   toolchain: stable
Build wheels (macos-latest)	Run dtolnay/rust-toolchain@stable	2025-12-03T16:17:05.3204250Z env:
Build wheels (macos-latest)	Run dtolnay/rust-toolchain@stable	2025-12-03T16:17:05.3204800Z   pythonLocation: /Users/runner/hostedtoolcache/Python/3.11.9/arm64
Build wheels (macos-latest)	Run dtolnay/rust-toolchain@stable	2025-12-03T16:17:05.3205480Z   PKG_CONFIG_PATH: /Users/runner/hostedtoolcache/Python/3.11.9/arm64/lib/pkgconfig
Build wheels (macos-latest)	Run dtolnay/rust-toolchain@stable	2025-12-03T16:17:05.3206250Z   Python_ROOT_DIR: /Users/runner/hostedtoolcache/Python/3.11.9/arm64
Build wheels (macos-latest)	Run dtolnay/rust-toolchain@stable	2025-12-03T16:17:05.3209090Z   Python2_ROOT_DIR: /Users/runner/hostedtoolcache/Python/3.11.9/arm64
Build wheels (macos-latest)	Run dtolnay/rust-toolchain@stable	2025-12-03T16:17:05.3209640Z   Python3_ROOT_DIR: /Users/runner/hostedtoolcache/Python/3.11.9/arm64
Build wheels (macos-latest)	Run dtolnay/rust-toolchain@stable	2025-12-03T16:17:05.3210020Z ##[endgroup]
Build wheels (macos-latest)	Run dtolnay/rust-toolchain@stable	2025-12-03T16:17:05.3364000Z ##[group]Run : parse toolchain version
Build wheels (macos-latest)	Run dtolnay/rust-toolchain@stable	2025-12-03T16:17:05.3364510Z [36;1m: parse toolchain version[0m
Build wheels (macos-latest)	Run dtolnay/rust-toolchain@stable	2025-12-03T16:17:05.3365320Z [36;1mif [[ -z $toolchain ]]; then[0m
Build wheels (macos-latest)	Run dtolnay/rust-toolchain@stable	2025-12-03T16:17:05.3365770Z [36;1m  # GitHub does not enforce `required: true` inputs itself. https://github.com/actions/runner/issues/1070[0m
Build wheels (macos-latest)	Run dtolnay/rust-toolchain@stable	2025-12-03T16:17:05.3368110Z [36;1m  echo "'toolchain' is a required input" >&2[0m
Build wheels (macos-latest)	Run dtolnay/rust-toolchain@stable	2025-12-03T16:17:05.3368960Z [36;1m  exit 1[0m
Build wheels (macos-latest)	Run dtolnay/rust-toolchain@stable	2025-12-03T16:17:05.3369250Z [36;1melif [[ $toolchain =~ ^stable' '[0-9]+' '(year|month|week|day)s?' 'ago$ ]]; then[0m
Build wheels (macos-latest)	Run dtolnay/rust-toolchain@stable	2025-12-03T16:17:05.3369620Z [36;1m  if [[ macOS == macOS ]]; then[0m
Build wheels (macos-latest)	Run dtolnay/rust-toolchain@stable	2025-12-03T16:17:05.3370040Z [36;1m    echo "toolchain=1.$((($(date -v-$(sed 's/stable \([0-9]*\) \(.\).*/\1\2/' <<< $toolchain) +%s)/60/60/24-16569)/7/6))" >> $GITHUB_OUTPUT[0m
Build wheels (macos-latest)	Run dtolnay/rust-toolchain@stable	2025-12-03T16:17:05.3370850Z [36;1m  else[0m
Build wheels (macos-latest)	Run dtolnay/rust-toolchain@stable	2025-12-03T16:17:05.3371190Z [36;1m    echo "toolchain=1.$((($(date --date "${toolchain#stable }" +%s)/60/60/24-16569)/7/6))" >> $GITHUB_OUTPUT[0m
Build wheels (macos-latest)	Run dtolnay/rust-toolchain@stable	2025-12-03T16:17:05.3371540Z [36;1m  fi[0m
Build wheels (macos-latest)	Run dtolnay/rust-toolchain@stable	2025-12-03T16:17:05.3371880Z [36;1melif [[ $toolchain =~ ^stable' 'minus' '[0-9]+' 'releases?$ ]]; then[0m
Build wheels (macos-latest)	Run dtolnay/rust-toolchain@stable	2025-12-03T16:17:05.3374630Z [36;1m  echo "toolchain=1.$((($(date +%s)/60/60/24-16569)/7/6-${toolchain//[^0-9]/}))" >> $GITHUB_OUTPUT[0m
Build wheels (macos-latest)	Run dtolnay/rust-toolchain@stable	2025-12-03T16:17:05.3375090Z [36;1melif [[ $toolchain =~ ^1\.[0-9]+$ ]]; then[0m
Build wheels (macos-latest)	Run dtolnay/rust-toolchain@stable	2025-12-03T16:17:05.3375610Z [36;1m  echo "toolchain=1.$((i=${toolchain#1.}, c=($(date +%s)/60/60/24-16569)/7/6, i+9*i*(10*i<=c)+90*i*(100*i<=c)))" >> $GITHUB_OUTPUT[0m
Build wheels (macos-latest)	Run dtolnay/rust-toolchain@stable	2025-12-03T16:17:05.3377270Z [36;1melse[0m
Build wheels (macos-latest)	Run dtolnay/rust-toolchain@stable	2025-12-03T16:17:05.3378910Z [36;1m  echo "toolchain=$toolchain" >> $GITHUB_OUTPUT[0m
Build wheels (macos-latest)	Run dtolnay/rust-toolchain@stable	2025-12-03T16:17:05.3379440Z [36;1mfi[0m
Build wheels (macos-latest)	Run dtolnay/rust-toolchain@stable	2025-12-03T16:17:05.3459520Z shell: /bin/bash --noprofile --norc -e -o pipefail {0}
Build wheels (macos-latest)	Run dtolnay/rust-toolchain@stable	2025-12-03T16:17:05.3459850Z env:
Build wheels (macos-latest)	Run dtolnay/rust-toolchain@stable	2025-12-03T16:17:05.3460130Z   pythonLocation: /Users/runner/hostedtoolcache/Python/3.11.9/arm64
Build wheels (macos-latest)	Run dtolnay/rust-toolchain@stable	2025-12-03T16:17:05.3460560Z   PKG_CONFIG_PATH: /Users/runner/hostedtoolcache/Python/3.11.9/arm64/lib/pkgconfig
Build wheels (macos-latest)	Run dtolnay/rust-toolchain@stable	2025-12-03T16:17:05.3460950Z   Python_ROOT_DIR: /Users/runner/hostedtoolcache/Python/3.11.9/arm64
Build wheels (macos-latest)	Run dtolnay/rust-toolchain@stable	2025-12-03T16:17:05.3461320Z   Python2_ROOT_DIR: /Users/runner/hostedtoolcache/Python/3.11.9/arm64
Build wheels (macos-latest)	Run dtolnay/rust-toolchain@stable	2025-12-03T16:17:05.3461940Z   Python3_ROOT_DIR: /Users/runner/hostedtoolcache/Python/3.11.9/arm64
Build wheels (macos-latest)	Run dtolnay/rust-toolchain@stable	2025-12-03T16:17:05.3462250Z   toolchain: stable
Build wheels (macos-latest)	Run dtolnay/rust-toolchain@stable	2025-12-03T16:17:05.3462440Z ##[endgroup]
Build wheels (macos-latest)	Run dtolnay/rust-toolchain@stable	2025-12-03T16:17:05.3944470Z ##[group]Run : construct rustup command line
Build wheels (macos-latest)	Run dtolnay/rust-toolchain@stable	2025-12-03T16:17:05.3945430Z [36;1m: construct rustup command line[0m
Build wheels (macos-latest)	Run dtolnay/rust-toolchain@stable	2025-12-03T16:17:05.3946380Z [36;1mecho "targets=$(for t in ${targets//,/ }; do echo -n ' --target' $t; done)" >> $GITHUB_OUTPUT[0m
Build wheels (macos-latest)	Run dtolnay/rust-toolchain@stable	2025-12-03T16:17:05.3947060Z [36;1mecho "components=$(for c in ${components//,/ }; do echo -n ' --component' $c; done)" >> $GITHUB_OUTPUT[0m
Build wheels (macos-latest)	Run dtolnay/rust-toolchain@stable	2025-12-03T16:17:05.3948100Z [36;1mecho "downgrade=" >> $GITHUB_OUTPUT[0m
Build wheels (macos-latest)	Run dtolnay/rust-toolchain@stable	2025-12-03T16:17:05.4014800Z shell: /bin/bash --noprofile --norc -e -o pipefail {0}
Build wheels (macos-latest)	Run dtolnay/rust-toolchain@stable	2025-12-03T16:17:05.4015370Z env:
Build wheels (macos-latest)	Run dtolnay/rust-toolchain@stable	2025-12-03T16:17:05.4015680Z   pythonLocation: /Users/runner/hostedtoolcache/Python/3.11.9/arm64
Build wheels (macos-latest)	Run dtolnay/rust-toolchain@stable	2025-12-03T16:17:05.4016220Z   PKG_CONFIG_PATH: /Users/runner/hostedtoolcache/Python/3.11.9/arm64/lib/pkgconfig
Build wheels (macos-latest)	Run dtolnay/rust-toolchain@stable	2025-12-03T16:17:05.4017190Z   Python_ROOT_DIR: /Users/runner/hostedtoolcache/Python/3.11.9/arm64
Build wheels (macos-latest)	Run dtolnay/rust-toolchain@stable	2025-12-03T16:17:05.4017590Z   Python2_ROOT_DIR: /Users/runner/hostedtoolcache/Python/3.11.9/arm64
Build wheels (macos-latest)	Run dtolnay/rust-toolchain@stable	2025-12-03T16:17:05.4018000Z   Python3_ROOT_DIR: /Users/runner/hostedtoolcache/Python/3.11.9/arm64
Build wheels (macos-latest)	Run dtolnay/rust-toolchain@stable	2025-12-03T16:17:05.4018310Z   targets: aarch64-apple-darwin
Build wheels (macos-latest)	Run dtolnay/rust-toolchain@stable	2025-12-03T16:17:05.4018530Z   components: 
Build wheels (macos-latest)	Run dtolnay/rust-toolchain@stable	2025-12-03T16:17:05.4018710Z ##[endgroup]
Build wheels (macos-latest)	Run dtolnay/rust-toolchain@stable	2025-12-03T16:17:05.4683870Z ##[group]Run : set $CARGO_HOME
Build wheels (macos-latest)	Run dtolnay/rust-toolchain@stable	2025-12-03T16:17:05.4687540Z [36;1m: set $CARGO_HOME[0m
Build wheels (macos-latest)	Run dtolnay/rust-toolchain@stable	2025-12-03T16:17:05.4687910Z [36;1mecho CARGO_HOME=${CARGO_HOME:-"$HOME/.cargo"} >> $GITHUB_ENV[0m
Build wheels (macos-latest)	Run dtolnay/rust-toolchain@stable	2025-12-03T16:17:05.4764850Z shell: /bin/bash --noprofile --norc -e -o pipefail {0}
Build wheels (macos-latest)	Run dtolnay/rust-toolchain@stable	2025-12-03T16:17:05.4765680Z env:
Build wheels (macos-latest)	Run dtolnay/rust-toolchain@stable	2025-12-03T16:17:05.4766330Z   pythonLocation: /Users/runner/hostedtoolcache/Python/3.11.9/arm64
Build wheels (macos-latest)	Run dtolnay/rust-toolchain@stable	2025-12-03T16:17:05.4767760Z   PKG_CONFIG_PATH: /Users/runner/hostedtoolcache/Python/3.11.9/arm64/lib/pkgconfig
Build wheels (macos-latest)	Run dtolnay/rust-toolchain@stable	2025-12-03T16:17:05.4768310Z   Python_ROOT_DIR: /Users/runner/hostedtoolcache/Python/3.11.9/arm64
Build wheels (macos-latest)	Run dtolnay/rust-toolchain@stable	2025-12-03T16:17:05.4768770Z   Python2_ROOT_DIR: /Users/runner/hostedtoolcache/Python/3.11.9/arm64
Build wheels (macos-latest)	Run dtolnay/rust-toolchain@stable	2025-12-03T16:17:05.4769150Z   Python3_ROOT_DIR: /Users/runner/hostedtoolcache/Python/3.11.9/arm64
Build wheels (macos-latest)	Run dtolnay/rust-toolchain@stable	2025-12-03T16:17:05.4769440Z ##[endgroup]
Build wheels (macos-latest)	Run dtolnay/rust-toolchain@stable	2025-12-03T16:17:05.5131740Z ##[group]Run : install rustup if needed
Build wheels (macos-latest)	Run dtolnay/rust-toolchain@stable	2025-12-03T16:17:05.5132080Z [36;1m: install rustup if needed[0m
Build wheels (macos-latest)	Run dtolnay/rust-toolchain@stable	2025-12-03T16:17:05.5132320Z [36;1mif ! command -v rustup &>/dev/null; then[0m
Build wheels (macos-latest)	Run dtolnay/rust-toolchain@stable	2025-12-03T16:17:05.5132890Z [36;1m  curl --proto '=https' --tlsv1.2 --retry 10 --retry-connrefused --location --silent --show-error --fail https://sh.rustup.rs | sh -s -- --default-toolchain none -y[0m
Build wheels (macos-latest)	Run dtolnay/rust-toolchain@stable	2025-12-03T16:17:05.5133500Z [36;1m  echo "$CARGO_HOME/bin" >> $GITHUB_PATH[0m
Build wheels (macos-latest)	Run dtolnay/rust-toolchain@stable	2025-12-03T16:17:05.5133710Z [36;1mfi[0m
Build wheels (macos-latest)	Run dtolnay/rust-toolchain@stable	2025-12-03T16:17:05.5201140Z shell: /bin/bash --noprofile --norc -e -o pipefail {0}
Build wheels (macos-latest)	Run dtolnay/rust-toolchain@stable	2025-12-03T16:17:05.5201580Z env:
Build wheels (macos-latest)	Run dtolnay/rust-toolchain@stable	2025-12-03T16:17:05.5201830Z   pythonLocation: /Users/runner/hostedtoolcache/Python/3.11.9/arm64
Build wheels (macos-latest)	Run dtolnay/rust-toolchain@stable	2025-12-03T16:17:05.5202230Z   PKG_CONFIG_PATH: /Users/runner/hostedtoolcache/Python/3.11.9/arm64/lib/pkgconfig
Build wheels (macos-latest)	Run dtolnay/rust-toolchain@stable	2025-12-03T16:17:05.5202630Z   Python_ROOT_DIR: /Users/runner/hostedtoolcache/Python/3.11.9/arm64
Build wheels (macos-latest)	Run dtolnay/rust-toolchain@stable	2025-12-03T16:17:05.5203850Z   Python2_ROOT_DIR: /Users/runner/hostedtoolcache/Python/3.11.9/arm64
Build wheels (macos-latest)	Run dtolnay/rust-toolchain@stable	2025-12-03T16:17:05.5204320Z   Python3_ROOT_DIR: /Users/runner/hostedtoolcache/Python/3.11.9/arm64
Build wheels (macos-latest)	Run dtolnay/rust-toolchain@stable	2025-12-03T16:17:05.5204630Z   CARGO_HOME: /Users/runner/.cargo
Build wheels (macos-latest)	Run dtolnay/rust-toolchain@stable	2025-12-03T16:17:05.5204830Z ##[endgroup]
Build wheels (macos-latest)	Run dtolnay/rust-toolchain@stable	2025-12-03T16:17:05.5567900Z ##[group]Run rustup toolchain install stable --target aarch64-apple-darwin --profile minimal --no-self-update
Build wheels (macos-latest)	Run dtolnay/rust-toolchain@stable	2025-12-03T16:17:05.5573160Z [36;1mrustup toolchain install stable --target aarch64-apple-darwin --profile minimal --no-self-update[0m
Build wheels (macos-latest)	Run dtolnay/rust-toolchain@stable	2025-12-03T16:17:05.5648290Z shell: /bin/bash --noprofile --norc -e -o pipefail {0}
Build wheels (macos-latest)	Run dtolnay/rust-toolchain@stable	2025-12-03T16:17:05.5648660Z env:
Build wheels (macos-latest)	Run dtolnay/rust-toolchain@stable	2025-12-03T16:17:05.5648960Z   pythonLocation: /Users/runner/hostedtoolcache/Python/3.11.9/arm64
Build wheels (macos-latest)	Run dtolnay/rust-toolchain@stable	2025-12-03T16:17:05.5649910Z   PKG_CONFIG_PATH: /Users/runner/hostedtoolcache/Python/3.11.9/arm64/lib/pkgconfig
Build wheels (macos-latest)	Run dtolnay/rust-toolchain@stable	2025-12-03T16:17:05.5650850Z   Python_ROOT_DIR: /Users/runner/hostedtoolcache/Python/3.11.9/arm64
Build wheels (macos-latest)	Run dtolnay/rust-toolchain@stable	2025-12-03T16:17:05.5651560Z   Python2_ROOT_DIR: /Users/runner/hostedtoolcache/Python/3.11.9/arm64
Build wheels (macos-latest)	Run dtolnay/rust-toolchain@stable	2025-12-03T16:17:05.5651980Z   Python3_ROOT_DIR: /Users/runner/hostedtoolcache/Python/3.11.9/arm64
Build wheels (macos-latest)	Run dtolnay/rust-toolchain@stable	2025-12-03T16:17:05.5653170Z   CARGO_HOME: /Users/runner/.cargo
Build wheels (macos-latest)	Run dtolnay/rust-toolchain@stable	2025-12-03T16:17:05.5654780Z ##[endgroup]
Build wheels (macos-latest)	Run dtolnay/rust-toolchain@stable	2025-12-03T16:17:06.1197850Z info: syncing channel updates for 'stable-aarch64-apple-darwin'
Build wheels (macos-latest)	Run dtolnay/rust-toolchain@stable	2025-12-03T16:17:06.2810320Z info: latest update on 2025-11-10, rust version 1.91.1 (ed61e7d7e 2025-11-07)
Build wheels (macos-latest)	Run dtolnay/rust-toolchain@stable	2025-12-03T16:17:06.3186140Z info: component 'rust-std' for target 'aarch64-apple-darwin' is up to date
Build wheels (macos-latest)	Run dtolnay/rust-toolchain@stable	2025-12-03T16:17:06.3210750Z 
Build wheels (macos-latest)	Run dtolnay/rust-toolchain@stable	2025-12-03T16:17:06.3378630Z   stable-aarch64-apple-darwin unchanged - rustc 1.91.1 (ed61e7d7e 2025-11-07)
Build wheels (macos-latest)	Run dtolnay/rust-toolchain@stable	2025-12-03T16:17:06.3385500Z 
Build wheels (macos-latest)	Run dtolnay/rust-toolchain@stable	2025-12-03T16:17:06.3385970Z info: self-update is disabled for this build of rustup
Build wheels (macos-latest)	Run dtolnay/rust-toolchain@stable	2025-12-03T16:17:06.3388580Z info: any updates to rustup will need to be fetched with your system package manager
Build wheels (macos-latest)	Run dtolnay/rust-toolchain@stable	2025-12-03T16:17:06.3444350Z ##[group]Run rustup default stable
Build wheels (macos-latest)	Run dtolnay/rust-toolchain@stable	2025-12-03T16:17:06.3444710Z [36;1mrustup default stable[0m
Build wheels (macos-latest)	Run dtolnay/rust-toolchain@stable	2025-12-03T16:17:06.3507530Z shell: /bin/bash --noprofile --norc -e -o pipefail {0}
Build wheels (macos-latest)	Run dtolnay/rust-toolchain@stable	2025-12-03T16:17:06.3507900Z env:
Build wheels (macos-latest)	Run dtolnay/rust-toolchain@stable	2025-12-03T16:17:06.3508140Z   pythonLocation: /Users/runner/hostedtoolcache/Python/3.11.9/arm64
Build wheels (macos-latest)	Run dtolnay/rust-toolchain@stable	2025-12-03T16:17:06.3508620Z   PKG_CONFIG_PATH: /Users/runner/hostedtoolcache/Python/3.11.9/arm64/lib/pkgconfig
Build wheels (macos-latest)	Run dtolnay/rust-toolchain@stable	2025-12-03T16:17:06.3509110Z   Python_ROOT_DIR: /Users/runner/hostedtoolcache/Python/3.11.9/arm64
Build wheels (macos-latest)	Run dtolnay/rust-toolchain@stable	2025-12-03T16:17:06.3509530Z   Python2_ROOT_DIR: /Users/runner/hostedtoolcache/Python/3.11.9/arm64
Build wheels (macos-latest)	Run dtolnay/rust-toolchain@stable	2025-12-03T16:17:06.3509950Z   Python3_ROOT_DIR: /Users/runner/hostedtoolcache/Python/3.11.9/arm64
Build wheels (macos-latest)	Run dtolnay/rust-toolchain@stable	2025-12-03T16:17:06.3510230Z   CARGO_HOME: /Users/runner/.cargo
Build wheels (macos-latest)	Run dtolnay/rust-toolchain@stable	2025-12-03T16:17:06.3510410Z ##[endgroup]
Build wheels (macos-latest)	Run dtolnay/rust-toolchain@stable	2025-12-03T16:17:06.4407090Z info: using existing install for 'stable-aarch64-apple-darwin'
Build wheels (macos-latest)	Run dtolnay/rust-toolchain@stable	2025-12-03T16:17:06.4849250Z info: default toolchain set to 'stable-aarch64-apple-darwin'
Build wheels (macos-latest)	Run dtolnay/rust-toolchain@stable	2025-12-03T16:17:06.4849680Z 
Build wheels (macos-latest)	Run dtolnay/rust-toolchain@stable	2025-12-03T16:17:06.5005660Z   stable-aarch64-apple-darwin unchanged - rustc 1.91.1 (ed61e7d7e 2025-11-07)
Build wheels (macos-latest)	Run dtolnay/rust-toolchain@stable	2025-12-03T16:17:06.5046250Z 
Build wheels (macos-latest)	Run dtolnay/rust-toolchain@stable	2025-12-03T16:17:06.5121150Z ##[group]Run : create cachekey
Build wheels (macos-latest)	Run dtolnay/rust-toolchain@stable	2025-12-03T16:17:06.5121980Z [36;1m: create cachekey[0m
Build wheels (macos-latest)	Run dtolnay/rust-toolchain@stable	2025-12-03T16:17:06.5122930Z [36;1mDATE=$(rustc +stable --version --verbose | sed -ne 's/^commit-date: \(20[0-9][0-9]\)-\([01][0-9]\)-\([0-3][0-9]\)$/\1\2\3/p')[0m
Build wheels (macos-latest)	Run dtolnay/rust-toolchain@stable	2025-12-03T16:17:06.5124440Z [36;1mHASH=$(rustc +stable --version --verbose | sed -ne 's/^commit-hash: //p')[0m
Build wheels (macos-latest)	Run dtolnay/rust-toolchain@stable	2025-12-03T16:17:06.5125440Z [36;1mecho "cachekey=$(echo $DATE$HASH | head -c12)" >> $GITHUB_OUTPUT[0m
Build wheels (macos-latest)	Run dtolnay/rust-toolchain@stable	2025-12-03T16:17:06.5268060Z shell: /bin/bash --noprofile --norc -e -o pipefail {0}
Build wheels (macos-latest)	Run dtolnay/rust-toolchain@stable	2025-12-03T16:17:06.5268310Z env:
Build wheels (macos-latest)	Run dtolnay/rust-toolchain@stable	2025-12-03T16:17:06.5270780Z   pythonLocation: /Users/runner/hostedtoolcache/Python/3.11.9/arm64
Build wheels (macos-latest)	Run dtolnay/rust-toolchain@stable	2025-12-03T16:17:06.5271200Z   PKG_CONFIG_PATH: /Users/runner/hostedtoolcache/Python/3.11.9/arm64/lib/pkgconfig
Build wheels (macos-latest)	Run dtolnay/rust-toolchain@stable	2025-12-03T16:17:06.5271580Z   Python_ROOT_DIR: /Users/runner/hostedtoolcache/Python/3.11.9/arm64
Build wheels (macos-latest)	Run dtolnay/rust-toolchain@stable	2025-12-03T16:17:06.5271890Z   Python2_ROOT_DIR: /Users/runner/hostedtoolcache/Python/3.11.9/arm64
Build wheels (macos-latest)	Run dtolnay/rust-toolchain@stable	2025-12-03T16:17:06.5272220Z   Python3_ROOT_DIR: /Users/runner/hostedtoolcache/Python/3.11.9/arm64
Build wheels (macos-latest)	Run dtolnay/rust-toolchain@stable	2025-12-03T16:17:06.5272520Z   CARGO_HOME: /Users/runner/.cargo
Build wheels (macos-latest)	Run dtolnay/rust-toolchain@stable	2025-12-03T16:17:06.5272730Z ##[endgroup]
Build wheels (macos-latest)	Run dtolnay/rust-toolchain@stable	2025-12-03T16:17:06.6811780Z ##[group]Run : disable incremental compilation
Build wheels (macos-latest)	Run dtolnay/rust-toolchain@stable	2025-12-03T16:17:06.6812190Z [36;1m: disable incremental compilation[0m
Build wheels (macos-latest)	Run dtolnay/rust-toolchain@stable	2025-12-03T16:17:06.6813380Z [36;1mif [ -z "${CARGO_INCREMENTAL+set}" ]; then[0m
Build wheels (macos-latest)	Run dtolnay/rust-toolchain@stable	2025-12-03T16:17:06.6813680Z [36;1m  echo CARGO_INCREMENTAL=0 >> $GITHUB_ENV[0m
Build wheels (macos-latest)	Run dtolnay/rust-toolchain@stable	2025-12-03T16:17:06.6813900Z [36;1mfi[0m
Build wheels (macos-latest)	Run dtolnay/rust-toolchain@stable	2025-12-03T16:17:06.6883760Z shell: /bin/bash --noprofile --norc -e -o pipefail {0}
Build wheels (macos-latest)	Run dtolnay/rust-toolchain@stable	2025-12-03T16:17:06.6884100Z env:
Build wheels (macos-latest)	Run dtolnay/rust-toolchain@stable	2025-12-03T16:17:06.6884330Z   pythonLocation: /Users/runner/hostedtoolcache/Python/3.11.9/arm64
Build wheels (macos-latest)	Run dtolnay/rust-toolchain@stable	2025-12-03T16:17:06.6884750Z   PKG_CONFIG_PATH: /Users/runner/hostedtoolcache/Python/3.11.9/arm64/lib/pkgconfig
Build wheels (macos-latest)	Run dtolnay/rust-toolchain@stable	2025-12-03T16:17:06.6885190Z   Python_ROOT_DIR: /Users/runner/hostedtoolcache/Python/3.11.9/arm64
Build wheels (macos-latest)	Run dtolnay/rust-toolchain@stable	2025-12-03T16:17:06.6885570Z   Python2_ROOT_DIR: /Users/runner/hostedtoolcache/Python/3.11.9/arm64
Build wheels (macos-latest)	Run dtolnay/rust-toolchain@stable	2025-12-03T16:17:06.6885920Z   Python3_ROOT_DIR: /Users/runner/hostedtoolcache/Python/3.11.9/arm64
Build wheels (macos-latest)	Run dtolnay/rust-toolchain@stable	2025-12-03T16:17:06.6886740Z   CARGO_HOME: /Users/runner/.cargo
Build wheels (macos-latest)	Run dtolnay/rust-toolchain@stable	2025-12-03T16:17:06.6886950Z ##[endgroup]
Build wheels (macos-latest)	Run dtolnay/rust-toolchain@stable	2025-12-03T16:17:06.7397320Z ##[group]Run : enable colors in Cargo output
Build wheels (macos-latest)	Run dtolnay/rust-toolchain@stable	2025-12-03T16:17:06.7398300Z [36;1m: enable colors in Cargo output[0m
Build wheels (macos-latest)	Run dtolnay/rust-toolchain@stable	2025-12-03T16:17:06.7398620Z [36;1mif [ -z "${CARGO_TERM_COLOR+set}" ]; then[0m
Build wheels (macos-latest)	Run dtolnay/rust-toolchain@stable	2025-12-03T16:17:06.7398950Z [36;1m  echo CARGO_TERM_COLOR=always >> $GITHUB_ENV[0m
Build wheels (macos-latest)	Run dtolnay/rust-toolchain@stable	2025-12-03T16:17:06.7399200Z [36;1mfi[0m
Build wheels (macos-latest)	Run dtolnay/rust-toolchain@stable	2025-12-03T16:17:06.7447510Z shell: /bin/bash --noprofile --norc -e -o pipefail {0}
Build wheels (macos-latest)	Run dtolnay/rust-toolchain@stable	2025-12-03T16:17:06.7448300Z env:
Build wheels (macos-latest)	Run dtolnay/rust-toolchain@stable	2025-12-03T16:17:06.7448630Z   pythonLocation: /Users/runner/hostedtoolcache/Python/3.11.9/arm64
Build wheels (macos-latest)	Run dtolnay/rust-toolchain@stable	2025-12-03T16:17:06.7449180Z   PKG_CONFIG_PATH: /Users/runner/hostedtoolcache/Python/3.11.9/arm64/lib/pkgconfig
Build wheels (macos-latest)	Run dtolnay/rust-toolchain@stable	2025-12-03T16:17:06.7449650Z   Python_ROOT_DIR: /Users/runner/hostedtoolcache/Python/3.11.9/arm64
Build wheels (macos-latest)	Run dtolnay/rust-toolchain@stable	2025-12-03T16:17:06.7450130Z   Python2_ROOT_DIR: /Users/runner/hostedtoolcache/Python/3.11.9/arm64
Build wheels (macos-latest)	Run dtolnay/rust-toolchain@stable	2025-12-03T16:17:06.7450580Z   Python3_ROOT_DIR: /Users/runner/hostedtoolcache/Python/3.11.9/arm64
Build wheels (macos-latest)	Run dtolnay/rust-toolchain@stable	2025-12-03T16:17:06.7451070Z   CARGO_HOME: /Users/runner/.cargo
Build wheels (macos-latest)	Run dtolnay/rust-toolchain@stable	2025-12-03T16:17:06.7451300Z   CARGO_INCREMENTAL: 0
Build wheels (macos-latest)	Run dtolnay/rust-toolchain@stable	2025-12-03T16:17:06.7451570Z ##[endgroup]
Build wheels (macos-latest)	Run dtolnay/rust-toolchain@stable	2025-12-03T16:17:06.7802800Z ##[group]Run : enable Cargo sparse registry
Build wheels (macos-latest)	Run dtolnay/rust-toolchain@stable	2025-12-03T16:17:06.7803290Z [36;1m: enable Cargo sparse registry[0m
Build wheels (macos-latest)	Run dtolnay/rust-toolchain@stable	2025-12-03T16:17:06.7803590Z [36;1m# implemented in 1.66, stabilized in 1.68, made default in 1.70[0m
Build wheels (macos-latest)	Run dtolnay/rust-toolchain@stable	2025-12-03T16:17:06.7804110Z [36;1mif [ -z "${CARGO_REGISTRIES_CRATES_IO_PROTOCOL+set}" -o -f "/Users/runner/work/_temp"/.implicit_cargo_registries_crates_io_protocol ]; then[0m
Build wheels (macos-latest)	Run dtolnay/rust-toolchain@stable	2025-12-03T16:17:06.7804710Z [36;1m  if rustc +stable --version --verbose | grep -q '^release: 1\.6[89]\.'; then[0m
Build wheels (macos-latest)	Run dtolnay/rust-toolchain@stable	2025-12-03T16:17:06.7805160Z [36;1m    touch "/Users/runner/work/_temp"/.implicit_cargo_registries_crates_io_protocol || true[0m
Build wheels (macos-latest)	Run dtolnay/rust-toolchain@stable	2025-12-03T16:17:06.7805580Z [36;1m    echo CARGO_REGISTRIES_CRATES_IO_PROTOCOL=sparse >> $GITHUB_ENV[0m
Build wheels (macos-latest)	Run dtolnay/rust-toolchain@stable	2025-12-03T16:17:06.7805940Z [36;1m  elif rustc +stable --version --verbose | grep -q '^release: 1\.6[67]\.'; then[0m
Build wheels (macos-latest)	Run dtolnay/rust-toolchain@stable	2025-12-03T16:17:06.7806980Z [36;1m    touch "/Users/runner/work/_temp"/.implicit_cargo_registries_crates_io_protocol || true[0m
Build wheels (macos-latest)	Run dtolnay/rust-toolchain@stable	2025-12-03T16:17:06.7807460Z [36;1m    echo CARGO_REGISTRIES_CRATES_IO_PROTOCOL=git >> $GITHUB_ENV[0m
Build wheels (macos-latest)	Run dtolnay/rust-toolchain@stable	2025-12-03T16:17:06.7807730Z [36;1m  fi[0m
Build wheels (macos-latest)	Run dtolnay/rust-toolchain@stable	2025-12-03T16:17:06.7807880Z [36;1mfi[0m
Build wheels (macos-latest)	Run dtolnay/rust-toolchain@stable	2025-12-03T16:17:06.7852020Z shell: /bin/bash --noprofile --norc -e -o pipefail {0}
Build wheels (macos-latest)	Run dtolnay/rust-toolchain@stable	2025-12-03T16:17:06.7852330Z env:
Build wheels (macos-latest)	Run dtolnay/rust-toolchain@stable	2025-12-03T16:17:06.7852570Z   pythonLocation: /Users/runner/hostedtoolcache/Python/3.11.9/arm64
Build wheels (macos-latest)	Run dtolnay/rust-toolchain@stable	2025-12-03T16:17:06.7852970Z   PKG_CONFIG_PATH: /Users/runner/hostedtoolcache/Python/3.11.9/arm64/lib/pkgconfig
Build wheels (macos-latest)	Run dtolnay/rust-toolchain@stable	2025-12-03T16:17:06.7853330Z   Python_ROOT_DIR: /Users/runner/hostedtoolcache/Python/3.11.9/arm64
Build wheels (macos-latest)	Run dtolnay/rust-toolchain@stable	2025-12-03T16:17:06.7853700Z   Python2_ROOT_DIR: /Users/runner/hostedtoolcache/Python/3.11.9/arm64
Build wheels (macos-latest)	Run dtolnay/rust-toolchain@stable	2025-12-03T16:17:06.7854050Z   Python3_ROOT_DIR: /Users/runner/hostedtoolcache/Python/3.11.9/arm64
Build wheels (macos-latest)	Run dtolnay/rust-toolchain@stable	2025-12-03T16:17:06.7854330Z   CARGO_HOME: /Users/runner/.cargo
Build wheels (macos-latest)	Run dtolnay/rust-toolchain@stable	2025-12-03T16:17:06.7854540Z   CARGO_INCREMENTAL: 0
Build wheels (macos-latest)	Run dtolnay/rust-toolchain@stable	2025-12-03T16:17:06.7854700Z   CARGO_TERM_COLOR: always
Build wheels (macos-latest)	Run dtolnay/rust-toolchain@stable	2025-12-03T16:17:06.7854870Z ##[endgroup]
Build wheels (macos-latest)	Run dtolnay/rust-toolchain@stable	2025-12-03T16:17:06.8771740Z ##[group]Run : work around spurious network errors in curl 8.0
Build wheels (macos-latest)	Run dtolnay/rust-toolchain@stable	2025-12-03T16:17:06.8772190Z [36;1m: work around spurious network errors in curl 8.0[0m
Build wheels (macos-latest)	Run dtolnay/rust-toolchain@stable	2025-12-03T16:17:06.8772610Z [36;1m# https://rust-lang.zulipchat.com/#narrow/stream/246057-t-cargo/topic/timeout.20investigation[0m
Build wheels (macos-latest)	Run dtolnay/rust-toolchain@stable	2025-12-03T16:17:06.8773100Z [36;1mif rustc +stable --version --verbose | grep -q '^release: 1\.7[01]\.'; then[0m
Build wheels (macos-latest)	Run dtolnay/rust-toolchain@stable	2025-12-03T16:17:06.8773510Z [36;1m  echo CARGO_HTTP_MULTIPLEXING=false >> $GITHUB_ENV[0m
Build wheels (macos-latest)	Run dtolnay/rust-toolchain@stable	2025-12-03T16:17:06.8773730Z [36;1mfi[0m
Build wheels (macos-latest)	Run dtolnay/rust-toolchain@stable	2025-12-03T16:17:06.8806710Z shell: /bin/bash --noprofile --norc -e -o pipefail {0}
Build wheels (macos-latest)	Run dtolnay/rust-toolchain@stable	2025-12-03T16:17:06.8806970Z env:
Build wheels (macos-latest)	Run dtolnay/rust-toolchain@stable	2025-12-03T16:17:06.8807280Z   pythonLocation: /Users/runner/hostedtoolcache/Python/3.11.9/arm64
Build wheels (macos-latest)	Run dtolnay/rust-toolchain@stable	2025-12-03T16:17:06.8807980Z   PKG_CONFIG_PATH: /Users/runner/hostedtoolcache/Python/3.11.9/arm64/lib/pkgconfig
Build wheels (macos-latest)	Run dtolnay/rust-toolchain@stable	2025-12-03T16:17:06.8808770Z   Python_ROOT_DIR: /Users/runner/hostedtoolcache/Python/3.11.9/arm64
Build wheels (macos-latest)	Run dtolnay/rust-toolchain@stable	2025-12-03T16:17:06.8809170Z   Python2_ROOT_DIR: /Users/runner/hostedtoolcache/Python/3.11.9/arm64
Build wheels (macos-latest)	Run dtolnay/rust-toolchain@stable	2025-12-03T16:17:06.8809560Z   Python3_ROOT_DIR: /Users/runner/hostedtoolcache/Python/3.11.9/arm64
Build wheels (macos-latest)	Run dtolnay/rust-toolchain@stable	2025-12-03T16:17:06.8809830Z   CARGO_HOME: /Users/runner/.cargo
Build wheels (macos-latest)	Run dtolnay/rust-toolchain@stable	2025-12-03T16:17:06.8810020Z   CARGO_INCREMENTAL: 0
Build wheels (macos-latest)	Run dtolnay/rust-toolchain@stable	2025-12-03T16:17:06.8825750Z   CARGO_TERM_COLOR: always
Build wheels (macos-latest)	Run dtolnay/rust-toolchain@stable	2025-12-03T16:17:06.8826000Z ##[endgroup]
Build wheels (macos-latest)	Run dtolnay/rust-toolchain@stable	2025-12-03T16:17:06.9570560Z ##[group]Run rustc +stable --version --verbose
Build wheels (macos-latest)	Run dtolnay/rust-toolchain@stable	2025-12-03T16:17:06.9571150Z [36;1mrustc +stable --version --verbose[0m
Build wheels (macos-latest)	Run dtolnay/rust-toolchain@stable	2025-12-03T16:17:06.9604640Z shell: /bin/bash --noprofile --norc -e -o pipefail {0}
Build wheels (macos-latest)	Run dtolnay/rust-toolchain@stable	2025-12-03T16:17:06.9604900Z env:
Build wheels (macos-latest)	Run dtolnay/rust-toolchain@stable	2025-12-03T16:17:06.9605150Z   pythonLocation: /Users/runner/hostedtoolcache/Python/3.11.9/arm64
Build wheels (macos-latest)	Run dtolnay/rust-toolchain@stable	2025-12-03T16:17:06.9606020Z   PKG_CONFIG_PATH: /Users/runner/hostedtoolcache/Python/3.11.9/arm64/lib/pkgconfig
Build wheels (macos-latest)	Run dtolnay/rust-toolchain@stable	2025-12-03T16:17:06.9606610Z   Python_ROOT_DIR: /Users/runner/hostedtoolcache/Python/3.11.9/arm64
Build wheels (macos-latest)	Run dtolnay/rust-toolchain@stable	2025-12-03T16:17:06.9606960Z   Python2_ROOT_DIR: /Users/runner/hostedtoolcache/Python/3.11.9/arm64
Build wheels (macos-latest)	Run dtolnay/rust-toolchain@stable	2025-12-03T16:17:06.9607340Z   Python3_ROOT_DIR: /Users/runner/hostedtoolcache/Python/3.11.9/arm64
Build wheels (macos-latest)	Run dtolnay/rust-toolchain@stable	2025-12-03T16:17:06.9607650Z   CARGO_HOME: /Users/runner/.cargo
Build wheels (macos-latest)	Run dtolnay/rust-toolchain@stable	2025-12-03T16:17:06.9607840Z   CARGO_INCREMENTAL: 0
Build wheels (macos-latest)	Run dtolnay/rust-toolchain@stable	2025-12-03T16:17:06.9608030Z   CARGO_TERM_COLOR: always
Build wheels (macos-latest)	Run dtolnay/rust-toolchain@stable	2025-12-03T16:17:06.9608210Z ##[endgroup]
Build wheels (macos-latest)	Run dtolnay/rust-toolchain@stable	2025-12-03T16:17:07.0264340Z rustc 1.91.1 (ed61e7d7e 2025-11-07)
Build wheels (macos-latest)	Run dtolnay/rust-toolchain@stable	2025-12-03T16:17:07.0276390Z binary: rustc
Build wheels (macos-latest)	Run dtolnay/rust-toolchain@stable	2025-12-03T16:17:07.0277250Z commit-hash: ed61e7d7e242494fb7057f2657300d9e77bb4fcb
Build wheels (macos-latest)	Run dtolnay/rust-toolchain@stable	2025-12-03T16:17:07.0278520Z commit-date: 2025-11-07
Build wheels (macos-latest)	Run dtolnay/rust-toolchain@stable	2025-12-03T16:17:07.0279080Z host: aarch64-apple-darwin
Build wheels (macos-latest)	Run dtolnay/rust-toolchain@stable	2025-12-03T16:17:07.0279900Z release: 1.91.1
Build wheels (macos-latest)	Run dtolnay/rust-toolchain@stable	2025-12-03T16:17:07.0280350Z LLVM version: 21.1.2
Build wheels (macos-latest)	Install maturin	Ôªø2025-12-03T16:17:07.0370700Z ##[group]Run pip install maturin
Build wheels (macos-latest)	Install maturin	2025-12-03T16:17:07.0371080Z [36;1mpip install maturin[0m
Build wheels (macos-latest)	Install maturin	2025-12-03T16:17:07.0407990Z shell: /bin/bash -e {0}
Build wheels (macos-latest)	Install maturin	2025-12-03T16:17:07.0408210Z env:
Build wheels (macos-latest)	Install maturin	2025-12-03T16:17:07.0408480Z   pythonLocation: /Users/runner/hostedtoolcache/Python/3.11.9/arm64
Build wheels (macos-latest)	Install maturin	2025-12-03T16:17:07.0408890Z   PKG_CONFIG_PATH: /Users/runner/hostedtoolcache/Python/3.11.9/arm64/lib/pkgconfig
Build wheels (macos-latest)	Install maturin	2025-12-03T16:17:07.0409280Z   Python_ROOT_DIR: /Users/runner/hostedtoolcache/Python/3.11.9/arm64
Build wheels (macos-latest)	Install maturin	2025-12-03T16:17:07.0409620Z   Python2_ROOT_DIR: /Users/runner/hostedtoolcache/Python/3.11.9/arm64
Build wheels (macos-latest)	Install maturin	2025-12-03T16:17:07.0409960Z   Python3_ROOT_DIR: /Users/runner/hostedtoolcache/Python/3.11.9/arm64
Build wheels (macos-latest)	Install maturin	2025-12-03T16:17:07.0410240Z   CARGO_HOME: /Users/runner/.cargo
Build wheels (macos-latest)	Install maturin	2025-12-03T16:17:07.0410430Z   CARGO_INCREMENTAL: 0
Build wheels (macos-latest)	Install maturin	2025-12-03T16:17:07.0410610Z   CARGO_TERM_COLOR: always
Build wheels (macos-latest)	Install maturin	2025-12-03T16:17:07.0411510Z ##[endgroup]
Build wheels (macos-latest)	Install maturin	2025-12-03T16:17:08.6272790Z Collecting maturin
Build wheels (macos-latest)	Install maturin	2025-12-03T16:17:08.7149560Z   Downloading maturin-1.10.2-py3-none-macosx_10_12_x86_64.macosx_11_0_arm64.macosx_10_12_universal2.whl.metadata (16 kB)
Build wheels (macos-latest)	Install maturin	2025-12-03T16:17:08.7452270Z Downloading maturin-1.10.2-py3-none-macosx_10_12_x86_64.macosx_11_0_arm64.macosx_10_12_universal2.whl (17.1 MB)
Build wheels (macos-latest)	Install maturin	2025-12-03T16:17:09.0486500Z    ‚îÅ‚îÅ‚îÅ‚îÅ‚îÅ‚îÅ‚îÅ‚îÅ‚îÅ‚îÅ‚îÅ‚îÅ‚îÅ‚îÅ‚îÅ‚îÅ‚îÅ‚îÅ‚îÅ‚îÅ‚îÅ‚îÅ‚îÅ‚îÅ‚îÅ‚îÅ‚îÅ‚îÅ‚îÅ‚îÅ‚îÅ‚îÅ‚îÅ‚îÅ‚îÅ‚îÅ‚îÅ‚îÅ‚îÅ‚îÅ 17.1/17.1 MB 61.6 MB/s  0:00:00
Build wheels (macos-latest)	Install maturin	2025-12-03T16:17:09.0856620Z Installing collected packages: maturin
Build wheels (macos-latest)	Install maturin	2025-12-03T16:17:09.2121480Z Successfully installed maturin-1.10.2
Build wheels (macos-latest)	Build wheels	Ôªø2025-12-03T16:17:09.3665050Z ##[group]Run maturin build --release --target aarch64-apple-darwin --out dist
Build wheels (macos-latest)	Build wheels	2025-12-03T16:17:09.3665680Z [36;1mmaturin build --release --target aarch64-apple-darwin --out dist[0m
Build wheels (macos-latest)	Build wheels	2025-12-03T16:17:09.3723510Z shell: /bin/bash -e {0}
Build wheels (macos-latest)	Build wheels	2025-12-03T16:17:09.3723860Z env:
Build wheels (macos-latest)	Build wheels	2025-12-03T16:17:09.3724160Z   pythonLocation: /Users/runner/hostedtoolcache/Python/3.11.9/arm64
Build wheels (macos-latest)	Build wheels	2025-12-03T16:17:09.3724730Z   PKG_CONFIG_PATH: /Users/runner/hostedtoolcache/Python/3.11.9/arm64/lib/pkgconfig
Build wheels (macos-latest)	Build wheels	2025-12-03T16:17:09.3725100Z   Python_ROOT_DIR: /Users/runner/hostedtoolcache/Python/3.11.9/arm64
Build wheels (macos-latest)	Build wheels	2025-12-03T16:17:09.3729630Z   Python2_ROOT_DIR: /Users/runner/hostedtoolcache/Python/3.11.9/arm64
Build wheels (macos-latest)	Build wheels	2025-12-03T16:17:09.3730060Z   Python3_ROOT_DIR: /Users/runner/hostedtoolcache/Python/3.11.9/arm64
Build wheels (macos-latest)	Build wheels	2025-12-03T16:17:09.3730390Z   CARGO_HOME: /Users/runner/.cargo
Build wheels (macos-latest)	Build wheels	2025-12-03T16:17:09.3731920Z   CARGO_INCREMENTAL: 0
Build wheels (macos-latest)	Build wheels	2025-12-03T16:17:09.3732520Z   CARGO_TERM_COLOR: always
Build wheels (macos-latest)	Build wheels	2025-12-03T16:17:09.3733140Z ##[endgroup]
Build wheels (macos-latest)	Build wheels	2025-12-03T16:17:09.7552230Z [1m[92m    Updating[0m crates.io index
Build wheels (macos-latest)	Build wheels	2025-12-03T16:17:10.8301830Z [1m[92m     Locking[0m 387 packages to latest compatible versions
Build wheels (macos-latest)	Build wheels	2025-12-03T16:17:10.8326650Z [1m[92m      Adding[0m bincode v1.3.3 [1m[33m(available: v2.0.1)[0m
Build wheels (macos-latest)	Build wheels	2025-12-03T16:17:10.8334340Z [1m[92m      Adding[0m bloomfilter v1.0.16 [1m[33m(available: v3.0.1)[0m
Build wheels (macos-latest)	Build wheels	2025-12-03T16:17:10.8367070Z [1m[92m      Adding[0m criterion v0.5.1 [1m[33m(available: v0.8.0)[0m
Build wheels (macos-latest)	Build wheels	2025-12-03T16:17:10.8368090Z [1m[92m      Adding[0m dashmap v5.5.3 [1m[33m(available: v6.1.0)[0m
Build wheels (macos-latest)	Build wheels	2025-12-03T16:17:10.8370840Z [1m[92m      Adding[0m dirs v5.0.1 [1m[33m(available: v6.0.0)[0m
Build wheels (macos-latest)	Build wheels	2025-12-03T16:17:10.8377730Z [1m[92m      Adding[0m generic-array v0.14.7 [1m[33m(available: v0.14.9)[0m
Build wheels (macos-latest)	Build wheels	2025-12-03T16:17:10.8437050Z [1m[92m      Adding[0m lru v0.12.5 [1m[33m(available: v0.16.2)[0m
Build wheels (macos-latest)	Build wheels	2025-12-03T16:17:10.8450980Z [1m[92m      Adding[0m matchit v0.8.4 [1m[33m(available: v0.8.6)[0m
Build wheels (macos-latest)	Build wheels	2025-12-03T16:17:10.8452410Z [1m[92m      Adding[0m ndarray v0.15.6 [1m[33m(available: v0.17.1)[0m
Build wheels (macos-latest)	Build wheels	2025-12-03T16:17:10.8454270Z [1m[92m      Adding[0m numpy v0.22.1 [1m[33m(available: v0.27.1)[0m
Build wheels (macos-latest)	Build wheels	2025-12-03T16:17:10.8454800Z [1m[92m      Adding[0m opentelemetry v0.21.0 [1m[33m(available: v0.31.0)[0m
Build wheels (macos-latest)	Build wheels	2025-12-03T16:17:10.8572030Z [1m[92m      Adding[0m opentelemetry-otlp v0.14.0 [1m[33m(available: v0.31.0)[0m
Build wheels (macos-latest)	Build wheels	2025-12-03T16:17:10.8575000Z [1m[92m      Adding[0m opentelemetry_sdk v0.21.2 [1m[33m(available: v0.31.0)[0m
Build wheels (macos-latest)	Build wheels	2025-12-03T16:17:10.8576270Z [1m[92m      Adding[0m ordered-float v4.6.0 [1m[33m(available: v5.1.0)[0m
Build wheels (macos-latest)	Build wheels	2025-12-03T16:17:10.8577110Z [1m[92m      Adding[0m prometheus v0.13.4 [1m[33m(available: v0.14.0)[0m
Build wheels (macos-latest)	Build wheels	2025-12-03T16:17:10.8587420Z [1m[92m      Adding[0m pyo3 v0.22.6 [1m[33m(available: v0.27.2)[0m
Build wheels (macos-latest)	Build wheels	2025-12-03T16:17:10.8587960Z [1m[92m      Adding[0m rand v0.8.5 [1m[33m(available: v0.9.2)[0m
Build wheels (macos-latest)	Build wheels	2025-12-03T16:17:10.8588420Z [1m[92m      Adding[0m rocksdb v0.22.0 [1m[33m(available: v0.24.0)[0m
Build wheels (macos-latest)	Build wheels	2025-12-03T16:17:10.8640950Z [1m[92m      Adding[0m smallvec v2.0.0-alpha.10 [1m[33m(available: v2.0.0-alpha.12)[0m
Build wheels (macos-latest)	Build wheels	2025-12-03T16:17:10.8692670Z [1m[92m      Adding[0m thiserror v1.0.69 [1m[33m(available: v2.0.17)[0m
Build wheels (macos-latest)	Build wheels	2025-12-03T16:17:10.8711360Z [1m[92m      Adding[0m tokenizers v0.20.4 [1m[33m(available: v0.22.2)[0m
Build wheels (macos-latest)	Build wheels	2025-12-03T16:17:10.8730890Z [1m[92m      Adding[0m tower v0.4.13 [1m[33m(available: v0.5.2)[0m
Build wheels (macos-latest)	Build wheels	2025-12-03T16:17:10.8732140Z [1m[92m      Adding[0m tower-http v0.5.2 [1m[33m(available: v0.6.7)[0m
Build wheels (macos-latest)	Build wheels	2025-12-03T16:17:10.8743860Z [1m[92m      Adding[0m tracing-opentelemetry v0.22.0 [1m[33m(available: v0.32.0)[0m
Build wheels (macos-latest)	Build wheels	2025-12-03T16:17:10.8745310Z [1m[92m      Adding[0m ureq v2.12.1 [1m[33m(available: v3.1.4)[0m
Build wheels (macos-latest)	Build wheels	2025-12-03T16:17:10.8784150Z [1m[92m      Adding[0m zip v2.4.2 [1m[33m(available: v6.0.0)[0m
Build wheels (macos-latest)	Build wheels	2025-12-03T16:17:10.8894640Z [1m[92m Downloading[0m crates ...
Build wheels (macos-latest)	Build wheels	2025-12-03T16:17:10.9623740Z [1m[92m  Downloaded[0m atomic-waker v1.1.2
Build wheels (macos-latest)	Build wheels	2025-12-03T16:17:10.9722660Z [1m[92m  Downloaded[0m base64 v0.13.1
Build wheels (macos-latest)	Build wheels	2025-12-03T16:17:10.9945630Z [1m[92m  Downloaded[0m slab v0.4.11
Build wheels (macos-latest)	Build wheels	2025-12-03T16:17:11.0202270Z [1m[92m  Downloaded[0m is-terminal v0.4.17
Build wheels (macos-latest)	Build wheels	2025-12-03T16:17:11.0436160Z [1m[92m  Downloaded[0m icu_properties_data v2.1.1
Build wheels (macos-latest)	Build wheels	2025-12-03T16:17:11.1230250Z [1m[92m  Downloaded[0m lock_api v0.4.14
Build wheels (macos-latest)	Build wheels	2025-12-03T16:17:11.1424340Z [1m[92m  Downloaded[0m memmap2 v0.9.9
Build wheels (macos-latest)	Build wheels	2025-12-03T16:17:11.1657200Z [1m[92m  Downloaded[0m paste v1.0.15
Build wheels (macos-latest)	Build wheels	2025-12-03T16:17:11.1919200Z [1m[92m  Downloaded[0m matchers v0.2.0
Build wheels (macos-latest)	Build wheels	2025-12-03T16:17:11.2107650Z [1m[92m  Downloaded[0m matchit v0.8.4
Build wheels (macos-latest)	Build wheels	2025-12-03T16:17:11.2285270Z [1m[92m  Downloaded[0m percent-encoding v2.3.2
Build wheels (macos-latest)	Build wheels	2025-12-03T16:17:11.2413390Z [1m[92m  Downloaded[0m memchr v2.7.6
Build wheels (macos-latest)	Build wheels	2025-12-03T16:17:11.2635590Z [1m[92m  Downloaded[0m rustls-webpki v0.103.8
Build wheels (macos-latest)	Build wheels	2025-12-03T16:17:11.2828080Z [1m[92m  Downloaded[0m rocksdb v0.22.0
Build wheels (macos-latest)	Build wheels	2025-12-03T16:17:11.3029600Z [1m[92m  Downloaded[0m rustls v0.23.35
Build wheels (macos-latest)	Build wheels	2025-12-03T16:17:11.3497810Z [1m[92m  Downloaded[0m mime_guess v2.0.5
Build wheels (macos-latest)	Build wheels	2025-12-03T16:17:11.3546890Z [1m[92m  Downloaded[0m option-ext v0.2.0
Build wheels (macos-latest)	Build wheels	2025-12-03T16:17:11.3654630Z [1m[92m  Downloaded[0m ort-sys v2.0.0-rc.10
Build wheels (macos-latest)	Build wheels	2025-12-03T16:17:11.3734840Z [1m[92m  Downloaded[0m parking_lot_core v0.9.12
Build wheels (macos-latest)	Build wheels	2025-12-03T16:17:11.3801500Z [1m[92m  Downloaded[0m num-traits v0.2.19
Build wheels (macos-latest)	Build wheels	2025-12-03T16:17:11.3914000Z [1m[92m  Downloaded[0m numpy v0.22.1
Build wheels (macos-latest)	Build wheels	2025-12-03T16:17:11.4145630Z [1m[92m  Downloaded[0m proc-macro2 v1.0.103
Build wheels (macos-latest)	Build wheels	2025-12-03T16:17:11.4234660Z [1m[92m  Downloaded[0m nom v7.1.3
Build wheels (macos-latest)	Build wheels	2025-12-03T16:17:11.4397000Z [1m[92m  Downloaded[0m ort v2.0.0-rc.10
Build wheels (macos-latest)	Build wheels	2025-12-03T16:17:11.4721280Z [1m[92m  Downloaded[0m parking_lot v0.12.5
Build wheels (macos-latest)	Build wheels	2025-12-03T16:17:11.4807250Z [1m[92m  Downloaded[0m regex v1.12.2
Build wheels (macos-latest)	Build wheels	2025-12-03T16:17:11.5023440Z [1m[92m  Downloaded[0m once_cell v1.21.3
Build wheels (macos-latest)	Build wheels	2025-12-03T16:17:11.5089180Z [1m[92m  Downloaded[0m num-integer v0.1.46
Build wheels (macos-latest)	Build wheels	2025-12-03T16:17:11.5155890Z [1m[92m  Downloaded[0m lz4-sys v1.11.1+lz4-1.10.0
Build wheels (macos-latest)	Build wheels	2025-12-03T16:17:11.5584660Z [1m[92m  Downloaded[0m num-complex v0.4.6
Build wheels (macos-latest)	Build wheels	2025-12-03T16:17:11.5633610Z [1m[92m  Downloaded[0m nu-ansi-term v0.50.3
Build wheels (macos-latest)	Build wheels	2025-12-03T16:17:11.5723100Z [1m[92m  Downloaded[0m ndarray v0.15.6
Build wheels (macos-latest)	Build wheels	2025-12-03T16:17:11.6184100Z [1m[92m  Downloaded[0m minimal-lexical v0.2.1
Build wheels (macos-latest)	Build wheels	2025-12-03T16:17:11.6433370Z [1m[92m  Downloaded[0m ndarray v0.16.1
Build wheels (macos-latest)	Build wheels	2025-12-03T16:17:11.7008880Z [1m[92m  Downloaded[0m zerocopy v0.8.31
Build wheels (macos-latest)	Build wheels	2025-12-03T16:17:11.8170280Z [1m[92m  Downloaded[0m ordered-float v4.6.0
Build wheels (macos-latest)	Build wheels	2025-12-03T16:17:11.8273940Z [1m[92m  Downloaded[0m onig v6.5.1
Build wheels (macos-latest)	Build wheels	2025-12-03T16:17:11.8434860Z [1m[92m  Downloaded[0m nonzero_ext v0.3.0
Build wheels (macos-latest)	Build wheels	2025-12-03T16:17:11.8584510Z [1m[92m  Downloaded[0m nonempty v0.7.0
Build wheels (macos-latest)	Build wheels	2025-12-03T16:17:11.8600940Z [1m[92m  Downloaded[0m monostate-impl v0.1.18
Build wheels (macos-latest)	Build wheels	2025-12-03T16:17:11.8620700Z [1m[92m  Downloaded[0m monostate v0.1.18
Build wheels (macos-latest)	Build wheels	2025-12-03T16:17:11.8693180Z [1m[92m  Downloaded[0m mio v1.1.0
Build wheels (macos-latest)	Build wheels	2025-12-03T16:17:11.8917060Z [1m[92m  Downloaded[0m regex-automata v0.4.13
Build wheels (macos-latest)	Build wheels	2025-12-03T16:17:11.9529940Z [1m[92m  Downloaded[0m pyo3 v0.22.6
Build wheels (macos-latest)	Build wheels	2025-12-03T16:17:12.0423100Z [1m[92m  Downloaded[0m tracing-subscriber v0.3.22
Build wheels (macos-latest)	Build wheels	2025-12-03T16:17:12.1023840Z [1m[92m  Downloaded[0m oorandom v11.1.5
Build wheels (macos-latest)	Build wheels	2025-12-03T16:17:12.1086760Z [1m[92m  Downloaded[0m miniz_oxide v0.8.9
Build wheels (macos-latest)	Build wheels	2025-12-03T16:17:12.1219170Z [1m[92m  Downloaded[0m mime v0.3.17
Build wheels (macos-latest)	Build wheels	2025-12-03T16:17:12.1322980Z [1m[92m  Downloaded[0m vcpkg v0.2.15
Build wheels (macos-latest)	Build wheels	2025-12-03T16:17:12.3591840Z [1m[92m  Downloaded[0m rustix v1.1.2
Build wheels (macos-latest)	Build wheels	2025-12-03T16:17:12.4988630Z [1m[92m  Downloaded[0m regex-syntax v0.8.8
Build wheels (macos-latest)	Build wheels	2025-12-03T16:17:12.5231250Z [1m[92m  Downloaded[0m rand v0.8.5
Build wheels (macos-latest)	Build wheels	2025-12-03T16:17:12.5323460Z [1m[92m  Downloaded[0m onig_sys v69.9.1
Build wheels (macos-latest)	Build wheels	2025-12-03T16:17:12.6209180Z [1m[92m  Downloaded[0m pkg-config v0.3.32
Build wheels (macos-latest)	Build wheels	2025-12-03T16:17:12.6255360Z [1m[92m  Downloaded[0m rand_core v0.6.4
Build wheels (macos-latest)	Build wheels	2025-12-03T16:17:12.6357530Z [1m[92m  Downloaded[0m rayon v1.11.0
Build wheels (macos-latest)	Build wheels	2025-12-03T16:17:12.6660160Z [1m[92m  Downloaded[0m rand v0.9.2
Build wheels (macos-latest)	Build wheels	2025-12-03T16:17:12.6809930Z [1m[92m  Downloaded[0m protobuf v2.28.0
Build wheels (macos-latest)	Build wheels	2025-12-03T16:17:12.7146220Z [1m[92m  Downloaded[0m zerovec v0.11.5
Build wheels (macos-latest)	Build wheels	2025-12-03T16:17:12.7413640Z [1m[92m  Downloaded[0m ureq v2.12.1
Build wheels (macos-latest)	Build wheels	2025-12-03T16:17:12.7618030Z [1m[92m  Downloaded[0m serde_json v1.0.145
Build wheels (macos-latest)	Build wheels	2025-12-03T16:17:12.7886340Z [1m[92m  Downloaded[0m rayon-cond v0.3.0
Build wheels (macos-latest)	Build wheels	2025-12-03T16:17:12.7935120Z [1m[92m  Downloaded[0m potential_utf v0.1.4
Build wheels (macos-latest)	Build wheels	2025-12-03T16:17:12.7979610Z [1m[92m  Downloaded[0m ring v0.17.14
Build wheels (macos-latest)	Build wheels	2025-12-03T16:17:12.9395380Z [1m[92m  Downloaded[0m portable-atomic v1.11.1
Build wheels (macos-latest)	Build wheels	2025-12-03T16:17:12.9865030Z [1m[92m  Downloaded[0m itertools v0.12.1
Build wheels (macos-latest)	Build wheels	2025-12-03T16:17:13.0057180Z [1m[92m  Downloaded[0m zip v2.4.2
Build wheels (macos-latest)	Build wheels	2025-12-03T16:17:13.0268490Z [1m[92m  Downloaded[0m unicode-segmentation v1.12.0
Build wheels (macos-latest)	Build wheels	2025-12-03T16:17:13.0461940Z [1m[92m  Downloaded[0m ryu v1.0.20
Build wheels (macos-latest)	Build wheels	2025-12-03T16:17:13.0667030Z [1m[92m  Downloaded[0m rayon-core v1.13.0
Build wheels (macos-latest)	Build wheels	2025-12-03T16:17:13.0889730Z [1m[92m  Downloaded[0m quanta v0.12.6
Build wheels (macos-latest)	Build wheels	2025-12-03T16:17:13.0994050Z [1m[92m  Downloaded[0m pyo3-macros-backend v0.22.6
Build wheels (macos-latest)	Build wheels	2025-12-03T16:17:13.1135230Z [1m[92m  Downloaded[0m pyo3-macros v0.22.6
Build wheels (macos-latest)	Build wheels	2025-12-03T16:17:13.1184900Z [1m[92m  Downloaded[0m pyo3-ffi v0.22.6
Build wheels (macos-latest)	Build wheels	2025-12-03T16:17:13.1437540Z [1m[92m  Downloaded[0m pyo3-build-config v0.22.6
Build wheels (macos-latest)	Build wheels	2025-12-03T16:17:13.1582060Z [1m[92m  Downloaded[0m prometheus v0.13.4
Build wheels (macos-latest)	Build wheels	2025-12-03T16:17:13.1916020Z [1m[92m  Downloaded[0m petgraph v0.8.3
Build wheels (macos-latest)	Build wheels	2025-12-03T16:17:13.2739650Z [1m[92m  Downloaded[0m itertools v0.10.5
Build wheels (macos-latest)	Build wheels	2025-12-03T16:17:13.3847090Z [1m[92m  Downloaded[0m idna v1.1.0
Build wheels (macos-latest)	Build wheels	2025-12-03T16:17:13.3951920Z [1m[92m  Downloaded[0m zerotrie v0.2.3
Build wheels (macos-latest)	Build wheels	2025-12-03T16:17:13.4144260Z [1m[92m  Downloaded[0m zerocopy-derive v0.8.31
Build wheels (macos-latest)	Build wheels	2025-12-03T16:17:13.4348540Z [1m[92m  Downloaded[0m unicode-normalization-alignments v0.1.12
Build wheels (macos-latest)	Build wheels	2025-12-03T16:17:13.4426550Z [1m[92m  Downloaded[0m tower-http v0.5.2
Build wheels (macos-latest)	Build wheels	2025-12-03T16:17:13.4799370Z [1m[92m  Downloaded[0m tonic v0.14.2
Build wheels (macos-latest)	Build wheels	2025-12-03T16:17:13.5059030Z [1m[92m  Downloaded[0m matrixmultiply v0.3.10
Build wheels (macos-latest)	Build wheels	2025-12-03T16:17:13.5214540Z [1m[92m  Downloaded[0m rustversion v1.0.22
Build wheels (macos-latest)	Build wheels	2025-12-03T16:17:13.5426590Z [1m[92m  Downloaded[0m rustc-hash v1.1.0
Build wheels (macos-latest)	Build wheels	2025-12-03T16:17:13.5427490Z [1m[92m  Downloaded[0m rawpointer v0.2.1
Build wheels (macos-latest)	Build wheels	2025-12-03T16:17:13.5427970Z [1m[92m  Downloaded[0m rand_core v0.9.3
Build wheels (macos-latest)	Build wheels	2025-12-03T16:17:13.5464510Z [1m[92m  Downloaded[0m rand_chacha v0.9.0
Build wheels (macos-latest)	Build wheels	2025-12-03T16:17:13.5538170Z [1m[92m  Downloaded[0m rand_chacha v0.3.1
Build wheels (macos-latest)	Build wheels	2025-12-03T16:17:13.5639460Z [1m[92m  Downloaded[0m quote v1.0.42
Build wheels (macos-latest)	Build wheels	2025-12-03T16:17:13.5673590Z [1m[92m  Downloaded[0m ppv-lite86 v0.2.21
Build wheels (macos-latest)	Build wheels	2025-12-03T16:17:13.5718270Z [1m[92m  Downloaded[0m plotters-svg v0.3.7
Build wheels (macos-latest)	Build wheels	2025-12-03T16:17:13.5753250Z [1m[92m  Downloaded[0m plotters-backend v0.3.7
Build wheels (macos-latest)	Build wheels	2025-12-03T16:17:13.5817940Z [1m[92m  Downloaded[0m plotters v0.3.7
Build wheels (macos-latest)	Build wheels	2025-12-03T16:17:13.6283030Z [1m[92m  Downloaded[0m pin-utils v0.1.0
Build wheels (macos-latest)	Build wheels	2025-12-03T16:17:13.6397410Z [1m[92m  Downloaded[0m itertools v0.11.0
Build wheels (macos-latest)	Build wheels	2025-12-03T16:17:13.6663590Z [1m[92m  Downloaded[0m indexmap v2.12.1
Build wheels (macos-latest)	Build wheels	2025-12-03T16:17:13.6915660Z [1m[92m  Downloaded[0m url v2.5.7
Build wheels (macos-latest)	Build wheels	2025-12-03T16:17:13.7023100Z [1m[92m  Downloaded[0m unicode_categories v0.1.1
Build wheels (macos-latest)	Build wheels	2025-12-03T16:17:13.7068350Z [1m[92m  Downloaded[0m typenum v1.19.0
Build wheels (macos-latest)	Build wheels	2025-12-03T16:17:13.7251830Z [1m[92m  Downloaded[0m tracing v0.1.43
Build wheels (macos-latest)	Build wheels	2025-12-03T16:17:13.7349710Z [1m[92m  Downloaded[0m tower v0.5.2
Build wheels (macos-latest)	Build wheels	2025-12-03T16:17:13.7812910Z [1m[92m  Downloaded[0m tower v0.4.13
Build wheels (macos-latest)	Build wheels	2025-12-03T16:17:13.8209530Z [1m[92m  Downloaded[0m pin-project-lite v0.2.16
Build wheels (macos-latest)	Build wheels	2025-12-03T16:17:13.8841220Z [1m[92m  Downloaded[0m pin-project-internal v1.1.10
Build wheels (macos-latest)	Build wheels	2025-12-03T16:17:13.9093020Z [1m[92m  Downloaded[0m pin-project v1.1.10
Build wheels (macos-latest)	Build wheels	2025-12-03T16:17:13.9705290Z [1m[92m  Downloaded[0m unicode-ident v1.0.22
Build wheels (macos-latest)	Build wheels	2025-12-03T16:17:13.9800250Z [1m[92m  Downloaded[0m tracing-attributes v0.1.31
Build wheels (macos-latest)	Build wheels	2025-12-03T16:17:13.9902360Z [1m[92m  Downloaded[0m tar v0.4.44
Build wheels (macos-latest)	Build wheels	2025-12-03T16:17:13.9987500Z [1m[92m  Downloaded[0m serde v1.0.228
Build wheels (macos-latest)	Build wheels	2025-12-03T16:17:14.0109610Z [1m[92m  Downloaded[0m macro_rules_attribute-proc_macro v0.2.2
Build wheels (macos-latest)	Build wheels	2025-12-03T16:17:14.0170730Z [1m[92m  Downloaded[0m litemap v0.8.1
Build wheels (macos-latest)	Build wheels	2025-12-03T16:17:14.0237080Z [1m[92m  Downloaded[0m icu_provider v2.1.1
Build wheels (macos-latest)	Build wheels	2025-12-03T16:17:14.0315340Z [1m[92m  Downloaded[0m zopfli v0.8.3
Build wheels (macos-latest)	Build wheels	2025-12-03T16:17:14.0409330Z [1m[92m  Downloaded[0m walkdir v2.5.0
Build wheels (macos-latest)	Build wheels	2025-12-03T16:17:14.0464720Z [1m[92m  Downloaded[0m uuid v1.19.0
Build wheels (macos-latest)	Build wheels	2025-12-03T16:17:14.0663610Z [1m[92m  Downloaded[0m untrusted v0.9.0
Build wheels (macos-latest)	Build wheels	2025-12-03T16:17:14.0740080Z [1m[92m  Downloaded[0m unicase v2.8.1
Build wheels (macos-latest)	Build wheels	2025-12-03T16:17:14.0780860Z [1m[92m  Downloaded[0m tracing-log v0.2.0
Build wheels (macos-latest)	Build wheels	2025-12-03T16:17:14.0865380Z [1m[92m  Downloaded[0m socket2 v0.6.1
Build wheels (macos-latest)	Build wheels	2025-12-03T16:17:14.0953620Z [1m[92m  Downloaded[0m criterion-plot v0.5.0
Build wheels (macos-latest)	Build wheels	2025-12-03T16:17:14.1046890Z [1m[92m  Downloaded[0m memoffset v0.9.1
Build wheels (macos-latest)	Build wheels	2025-12-03T16:17:14.1148300Z [1m[92m  Downloaded[0m lz4 v1.28.1
Build wheels (macos-latest)	Build wheels	2025-12-03T16:17:14.1250270Z [1m[92m  Downloaded[0m libz-sys v1.1.23
Build wheels (macos-latest)	Build wheels	2025-12-03T16:17:14.2095440Z [1m[92m  Downloaded[0m libc v0.2.178
Build wheels (macos-latest)	Build wheels	2025-12-03T16:17:14.3501560Z [1m[92m  Downloaded[0m indoc v2.0.7
Build wheels (macos-latest)	Build wheels	2025-12-03T16:17:14.3799720Z [1m[92m  Downloaded[0m idna_adapter v1.2.1
Build wheels (macos-latest)	Build wheels	2025-12-03T16:17:14.3902860Z [1m[92m  Downloaded[0m ident_case v1.0.1
Build wheels (macos-latest)	Build wheels	2025-12-03T16:17:14.4004730Z [1m[92m  Downloaded[0m zeroize v1.8.2
Build wheels (macos-latest)	Build wheels	2025-12-03T16:17:14.4107170Z [1m[92m  Downloaded[0m zerofrom-derive v0.1.6
Build wheels (macos-latest)	Build wheels	2025-12-03T16:17:14.4206880Z [1m[92m  Downloaded[0m zerofrom v0.1.6
Build wheels (macos-latest)	Build wheels	2025-12-03T16:17:14.4308330Z [1m[92m  Downloaded[0m yoke-derive v0.8.1
Build wheels (macos-latest)	Build wheels	2025-12-03T16:17:14.4412320Z [1m[92m  Downloaded[0m yoke v0.8.1
Build wheels (macos-latest)	Build wheels	2025-12-03T16:17:14.4514520Z [1m[92m  Downloaded[0m writeable v0.6.2
Build wheels (macos-latest)	Build wheels	2025-12-03T16:17:14.4553020Z [1m[92m  Downloaded[0m webpki-roots v0.26.11
Build wheels (macos-latest)	Build wheels	2025-12-03T16:17:14.4568000Z [1m[92m  Downloaded[0m web-time v1.1.0
Build wheels (macos-latest)	Build wheels	2025-12-03T16:17:14.4568540Z [1m[92m  Downloaded[0m version_check v0.9.5
Build wheels (macos-latest)	Build wheels	2025-12-03T16:17:14.4568970Z [1m[92m  Downloaded[0m unindent v0.2.4
Build wheels (macos-latest)	Build wheels	2025-12-03T16:17:14.4569420Z [1m[92m  Downloaded[0m try-lock v0.2.5
Build wheels (macos-latest)	Build wheels	2025-12-03T16:17:14.4569870Z [1m[92m  Downloaded[0m tokio-stream v0.1.17
Build wheels (macos-latest)	Build wheels	2025-12-03T16:17:14.4587600Z [1m[92m  Downloaded[0m tinytemplate v1.2.1
Build wheels (macos-latest)	Build wheels	2025-12-03T16:17:14.4655240Z [1m[92m  Downloaded[0m tinystr v0.8.2
Build wheels (macos-latest)	Build wheels	2025-12-03T16:17:14.4722850Z [1m[92m  Downloaded[0m tempfile v3.23.0
Build wheels (macos-latest)	Build wheels	2025-12-03T16:17:14.4891290Z [1m[92m  Downloaded[0m spinning_top v0.3.0
Build wheels (macos-latest)	Build wheels	2025-12-03T16:17:14.4892410Z [1m[92m  Downloaded[0m macro_rules_attribute v0.2.2
Build wheels (macos-latest)	Build wheels	2025-12-03T16:17:14.4935880Z [1m[92m  Downloaded[0m lru v0.12.5
Build wheels (macos-latest)	Build wheels	2025-12-03T16:17:14.4941350Z [1m[92m  Downloaded[0m log v0.4.29
Build wheels (macos-latest)	Build wheels	2025-12-03T16:17:14.5100910Z [1m[92m  Downloaded[0m lazycell v1.3.0
Build wheels (macos-latest)	Build wheels	2025-12-03T16:17:14.5150580Z [1m[92m  Downloaded[0m lazy_static v1.5.0
Build wheels (macos-latest)	Build wheels	2025-12-03T16:17:14.5228990Z [1m[92m  Downloaded[0m jobserver v0.1.34
Build wheels (macos-latest)	Build wheels	2025-12-03T16:17:14.5287040Z [1m[92m  Downloaded[0m itoa v1.0.15
Build wheels (macos-latest)	Build wheels	2025-12-03T16:17:14.5353770Z [1m[92m  Downloaded[0m xattr v1.6.1
Build wheels (macos-latest)	Build wheels	2025-12-03T16:17:14.5462860Z [1m[92m  Downloaded[0m want v0.3.1
Build wheels (macos-latest)	Build wheels	2025-12-03T16:17:14.5486360Z [1m[92m  Downloaded[0m tokio-util v0.7.17
Build wheels (macos-latest)	Build wheels	2025-12-03T16:17:14.5770790Z [1m[92m  Downloaded[0m tokio-macros v2.6.0
Build wheels (macos-latest)	Build wheels	2025-12-03T16:17:14.5805000Z [1m[92m  Downloaded[0m tokio v1.48.0
Build wheels (macos-latest)	Build wheels	2025-12-03T16:17:14.7481440Z [1m[92m  Downloaded[0m target-lexicon v0.12.16
Build wheels (macos-latest)	Build wheels	2025-12-03T16:17:14.7680360Z [1m[92m  Downloaded[0m synstructure v0.13.2
Build wheels (macos-latest)	Build wheels	2025-12-03T16:17:14.7759950Z [1m[92m  Downloaded[0m strsim v0.11.1
Build wheels (macos-latest)	Build wheels	2025-12-03T16:17:14.7902670Z [1m[92m  Downloaded[0m spm_precompiled v0.1.4
Build wheels (macos-latest)	Build wheels	2025-12-03T16:17:14.8498700Z [1m[92m  Downloaded[0m smallvec v1.15.1
Build wheels (macos-latest)	Build wheels	2025-12-03T16:17:14.8604120Z [1m[92m  Downloaded[0m signal-hook-registry v1.4.7
Build wheels (macos-latest)	Build wheels	2025-12-03T16:17:14.8700970Z [1m[92m  Downloaded[0m shlex v1.3.0
Build wheels (macos-latest)	Build wheels	2025-12-03T16:17:14.8702670Z [1m[92m  Downloaded[0m sha2 v0.10.9
Build wheels (macos-latest)	Build wheels	2025-12-03T16:17:14.8916280Z [1m[92m  Downloaded[0m libloading v0.8.9
Build wheels (macos-latest)	Build wheels	2025-12-03T16:17:14.9016170Z [1m[92m  Downloaded[0m tower_governor v0.8.0
Build wheels (macos-latest)	Build wheels	2025-12-03T16:17:14.9132490Z [1m[92m  Downloaded[0m tower-service v0.3.3
Build wheels (macos-latest)	Build wheels	2025-12-03T16:17:14.9240540Z [1m[92m  Downloaded[0m thread_local v1.1.9
Build wheels (macos-latest)	Build wheels	2025-12-03T16:17:14.9344980Z [1m[92m  Downloaded[0m thiserror v2.0.17
Build wheels (macos-latest)	Build wheels	2025-12-03T16:17:14.9447140Z [1m[92m  Downloaded[0m sync_wrapper v1.0.2
Build wheels (macos-latest)	Build wheels	2025-12-03T16:17:14.9548920Z [1m[92m  Downloaded[0m syn v2.0.111
Build wheels (macos-latest)	Build wheels	2025-12-03T16:17:14.9859900Z [1m[92m  Downloaded[0m serde_derive v1.0.228
Build wheels (macos-latest)	Build wheels	2025-12-03T16:17:15.0067010Z [1m[92m  Downloaded[0m hyper-util v0.1.19
Build wheels (macos-latest)	Build wheels	2025-12-03T16:17:15.0451350Z [1m[92m  Downloaded[0m hyper v1.8.1
Build wheels (macos-latest)	Build wheels	2025-12-03T16:17:15.0775310Z [1m[92m  Downloaded[0m http v1.4.0
Build wheels (macos-latest)	Build wheels	2025-12-03T16:17:15.0974730Z [1m[92m  Downloaded[0m hashbrown v0.16.1
Build wheels (macos-latest)	Build wheels	2025-12-03T16:17:15.1077340Z [1m[92m  Downloaded[0m hashbrown v0.15.5
Build wheels (macos-latest)	Build wheels	2025-12-03T16:17:15.1280260Z [1m[92m  Downloaded[0m hashbrown v0.14.5
Build wheels (macos-latest)	Build wheels	2025-12-03T16:17:15.1586710Z [1m[92m  Downloaded[0m h2 v0.4.12
Build wheels (macos-latest)	Build wheels	2025-12-03T16:17:15.1900700Z [1m[92m  Downloaded[0m governor v0.10.2
Build wheels (macos-latest)	Build wheels	2025-12-03T16:17:15.2003010Z [1m[92m  Downloaded[0m futures-util v0.3.31
Build wheels (macos-latest)	Build wheels	2025-12-03T16:17:15.2530660Z [1m[92m  Downloaded[0m esaxx-rs v0.1.10
Build wheels (macos-latest)	Build wheels	2025-12-03T16:17:15.2744850Z [1m[92m  Downloaded[0m criterion v0.5.1
Build wheels (macos-latest)	Build wheels	2025-12-03T16:17:15.3179500Z [1m[92m  Downloaded[0m clap_builder v4.5.53
Build wheels (macos-latest)	Build wheels	2025-12-03T16:17:15.3451050Z [1m[92m  Downloaded[0m chrono v0.4.42
Build wheels (macos-latest)	Build wheels	2025-12-03T16:17:15.3755540Z [1m[92m  Downloaded[0m cc v1.2.48
Build wheels (macos-latest)	Build wheels	2025-12-03T16:17:15.3859090Z [1m[92m  Downloaded[0m bzip2-sys v0.1.13+1.0.8
Build wheels (macos-latest)	Build wheels	2025-12-03T16:17:15.4266380Z [1m[92m  Downloaded[0m bumpalo v3.19.0
Build wheels (macos-latest)	Build wheels	2025-12-03T16:17:15.4380440Z [1m[92m  Downloaded[0m bindgen v0.69.5
Build wheels (macos-latest)	Build wheels	2025-12-03T16:17:15.4611090Z [1m[92m  Downloaded[0m axum v0.8.7
Build wheels (macos-latest)	Build wheels	2025-12-03T16:17:15.4935150Z [1m[92m  Downloaded[0m aho-corasick v1.1.4
Build wheels (macos-latest)	Build wheels	2025-12-03T16:17:15.5246360Z [1m[92m  Downloaded[0m webpki-roots v1.0.4
Build wheels (macos-latest)	Build wheels	2025-12-03T16:17:15.5349420Z [1m[92m  Downloaded[0m librocksdb-sys v0.16.0+8.10.0
Build wheels (macos-latest)	Build wheels	2025-12-03T16:17:16.2462620Z [1m[92m  Downloaded[0m tower-layer v0.3.3
Build wheels (macos-latest)	Build wheels	2025-12-03T16:17:16.2542100Z [1m[92m  Downloaded[0m thiserror-impl v2.0.17
Build wheels (macos-latest)	Build wheels	2025-12-03T16:17:16.2573960Z [1m[92m  Downloaded[0m thiserror-impl v1.0.69
Build wheels (macos-latest)	Build wheels	2025-12-03T16:17:16.2790050Z [1m[92m  Downloaded[0m thiserror v1.0.69
Build wheels (macos-latest)	Build wheels	2025-12-03T16:17:16.3115580Z [1m[92m  Downloaded[0m subtle v2.6.1
Build wheels (macos-latest)	Build wheels	2025-12-03T16:17:16.3236730Z [1m[92m  Downloaded[0m smallvec v2.0.0-alpha.10
Build wheels (macos-latest)	Build wheels	2025-12-03T16:17:16.3339900Z [1m[92m  Downloaded[0m siphasher v1.0.1
Build wheels (macos-latest)	Build wheels	2025-12-03T16:17:16.3442220Z [1m[92m  Downloaded[0m simd-adler32 v0.3.7
Build wheels (macos-latest)	Build wheels	2025-12-03T16:17:16.3563600Z [1m[92m  Downloaded[0m serde_urlencoded v0.7.1
Build wheels (macos-latest)	Build wheels	2025-12-03T16:17:16.3665930Z [1m[92m  Downloaded[0m scopeguard v1.2.0
Build wheels (macos-latest)	Build wheels	2025-12-03T16:17:16.3768260Z [1m[92m  Downloaded[0m same-file v1.0.6
Build wheels (macos-latest)	Build wheels	2025-12-03T16:17:16.3871960Z [1m[92m  Downloaded[0m rustls-pki-types v1.13.1
Build wheels (macos-latest)	Build wheels	2025-12-03T16:17:16.3974160Z [1m[92m  Downloaded[0m icu_properties v2.1.1
Build wheels (macos-latest)	Build wheels	2025-12-03T16:17:16.3979670Z [1m[92m  Downloaded[0m icu_normalizer_data v2.1.1
Build wheels (macos-latest)	Build wheels	2025-12-03T16:17:16.4030620Z [1m[92m  Downloaded[0m icu_normalizer v2.1.1
Build wheels (macos-latest)	Build wheels	2025-12-03T16:17:16.4087940Z [1m[92m  Downloaded[0m icu_locale_core v2.1.1
Build wheels (macos-latest)	Build wheels	2025-12-03T16:17:16.4404290Z [1m[92m  Downloaded[0m icu_collections v2.1.1
Build wheels (macos-latest)	Build wheels	2025-12-03T16:17:16.4589360Z [1m[92m  Downloaded[0m httparse v1.10.1
Build wheels (macos-latest)	Build wheels	2025-12-03T16:17:16.4761480Z [1m[92m  Downloaded[0m half v2.7.1
Build wheels (macos-latest)	Build wheels	2025-12-03T16:17:16.4870750Z [1m[92m  Downloaded[0m getrandom v0.3.4
Build wheels (macos-latest)	Build wheels	2025-12-03T16:17:16.5075590Z [1m[92m  Downloaded[0m flate2 v1.1.5
Build wheels (macos-latest)	Build wheels	2025-12-03T16:17:16.5316640Z [1m[92m  Downloaded[0m find-msvc-tools v0.1.5
Build wheels (macos-latest)	Build wheels	2025-12-03T16:17:16.5421710Z [1m[92m  Downloaded[0m derive_builder_core v0.20.2
Build wheels (macos-latest)	Build wheels	2025-12-03T16:17:16.5422900Z [1m[92m  Downloaded[0m derive_builder v0.20.2
Build wheels (macos-latest)	Build wheels	2025-12-03T16:17:16.5634910Z [1m[92m  Downloaded[0m darling_core v0.20.11
Build wheels (macos-latest)	Build wheels	2025-12-03T16:17:16.5853750Z [1m[92m  Downloaded[0m crossbeam-utils v0.8.21
Build wheels (macos-latest)	Build wheels	2025-12-03T16:17:16.6026090Z [1m[92m  Downloaded[0m crossbeam-epoch v0.9.18
Build wheels (macos-latest)	Build wheels	2025-12-03T16:17:16.6135740Z [1m[92m  Downloaded[0m crc32fast v1.5.0
Build wheels (macos-latest)	Build wheels	2025-12-03T16:17:16.6189580Z [1m[92m  Downloaded[0m core-foundation-sys v0.8.7
Build wheels (macos-latest)	Build wheels	2025-12-03T16:17:16.6291250Z [1m[92m  Downloaded[0m clap v4.5.53
Build wheels (macos-latest)	Build wheels	2025-12-03T16:17:16.6708680Z [1m[92m  Downloaded[0m clang-sys v1.8.1
Build wheels (macos-latest)	Build wheels	2025-12-03T16:17:16.6760060Z [1m[92m  Downloaded[0m bytes v1.11.0
Build wheels (macos-latest)	Build wheels	2025-12-03T16:17:16.6943260Z [1m[92m  Downloaded[0m bloomfilter v1.0.16
Build wheels (macos-latest)	Build wheels	2025-12-03T16:17:16.7035100Z [1m[92m  Downloaded[0m bitflags v2.10.0
Build wheels (macos-latest)	Build wheels	2025-12-03T16:17:16.7161090Z [1m[92m  Downloaded[0m base64 v0.22.1
Build wheels (macos-latest)	Build wheels	2025-12-03T16:17:16.7283530Z [1m[92m  Downloaded[0m async-trait v0.1.89
Build wheels (macos-latest)	Build wheels	2025-12-03T16:17:16.7518310Z [1m[92m  Downloaded[0m anyhow v1.0.100
Build wheels (macos-latest)	Build wheels	2025-12-03T16:17:16.7637020Z [1m[92m  Downloaded[0m allocator-api2 v0.2.21
Build wheels (macos-latest)	Build wheels	2025-12-03T16:17:16.7743860Z [1m[92m  Downloaded[0m zerovec-derive v0.11.2
Build wheels (macos-latest)	Build wheels	2025-12-03T16:17:16.7843510Z [1m[92m  Downloaded[0m utf8_iter v1.0.4
Build wheels (macos-latest)	Build wheels	2025-12-03T16:17:16.7926890Z [1m[92m  Downloaded[0m tracing-core v0.1.35
Build wheels (macos-latest)	Build wheels	2025-12-03T16:17:16.7927670Z [1m[92m  Downloaded[0m tokenizers v0.20.4
Build wheels (macos-latest)	Build wheels	2025-12-03T16:17:16.8188190Z [1m[92m  Downloaded[0m stable_deref_trait v1.2.1
Build wheels (macos-latest)	Build wheels	2025-12-03T16:17:16.8313360Z [1m[92m  Downloaded[0m sharded-slab v0.1.7
Build wheels (macos-latest)	Build wheels	2025-12-03T16:17:16.8324400Z [1m[92m  Downloaded[0m serde_core v1.0.228
Build wheels (macos-latest)	Build wheels	2025-12-03T16:17:16.8425230Z [1m[92m  Downloaded[0m iana-time-zone v0.1.64
Build wheels (macos-latest)	Build wheels	2025-12-03T16:17:16.8526190Z [1m[92m  Downloaded[0m hyper-timeout v0.5.2
Build wheels (macos-latest)	Build wheels	2025-12-03T16:17:16.8547840Z [1m[92m  Downloaded[0m http-range-header v0.4.2
Build wheels (macos-latest)	Build wheels	2025-12-03T16:17:16.8548460Z [1m[92m  Downloaded[0m http-body-util v0.1.3
Build wheels (macos-latest)	Build wheels	2025-12-03T16:17:16.8581540Z [1m[92m  Downloaded[0m glob v0.3.3
Build wheels (macos-latest)	Build wheels	2025-12-03T16:17:16.8750300Z [1m[92m  Downloaded[0m getrandom v0.2.16
Build wheels (macos-latest)	Build wheels	2025-12-03T16:17:16.8852490Z [1m[92m  Downloaded[0m generic-array v0.14.7
Build wheels (macos-latest)	Build wheels	2025-12-03T16:17:16.8955950Z [1m[92m  Downloaded[0m futures-timer v3.0.3
Build wheels (macos-latest)	Build wheels	2025-12-03T16:17:16.9059930Z [1m[92m  Downloaded[0m futures-task v0.3.31
Build wheels (macos-latest)	Build wheels	2025-12-03T16:17:16.9161050Z [1m[92m  Downloaded[0m futures-sink v0.3.31
Build wheels (macos-latest)	Build wheels	2025-12-03T16:17:16.9262580Z [1m[92m  Downloaded[0m futures-core v0.3.31
Build wheels (macos-latest)	Build wheels	2025-12-03T16:17:16.9383720Z [1m[92m  Downloaded[0m futures-channel v0.3.31
Build wheels (macos-latest)	Build wheels	2025-12-03T16:17:16.9485690Z [1m[92m  Downloaded[0m foldhash v0.2.0
Build wheels (macos-latest)	Build wheels	2025-12-03T16:17:16.9615760Z [1m[92m  Downloaded[0m fnv v1.0.7
Build wheels (macos-latest)	Build wheels	2025-12-03T16:17:16.9721570Z [1m[92m  Downloaded[0m fixedbitset v0.5.7
Build wheels (macos-latest)	Build wheels	2025-12-03T16:17:16.9823100Z [1m[92m  Downloaded[0m filetime v0.2.26
Build wheels (macos-latest)	Build wheels	2025-12-03T16:17:16.9858580Z [1m[92m  Downloaded[0m fastrand v2.3.0
Build wheels (macos-latest)	Build wheels	2025-12-03T16:17:16.9860100Z [1m[92m  Downloaded[0m errno v0.3.14
Build wheels (macos-latest)	Build wheels	2025-12-03T16:17:16.9860560Z [1m[92m  Downloaded[0m either v1.15.0
Build wheels (macos-latest)	Build wheels	2025-12-03T16:17:16.9861010Z [1m[92m  Downloaded[0m displaydoc v0.2.5
Build wheels (macos-latest)	Build wheels	2025-12-03T16:17:16.9861430Z [1m[92m  Downloaded[0m dirs-sys v0.4.1
Build wheels (macos-latest)	Build wheels	2025-12-03T16:17:16.9861850Z [1m[92m  Downloaded[0m dirs v5.0.1
Build wheels (macos-latest)	Build wheels	2025-12-03T16:17:16.9862240Z [1m[92m  Downloaded[0m digest v0.10.7
Build wheels (macos-latest)	Build wheels	2025-12-03T16:17:16.9862640Z [1m[92m  Downloaded[0m derive_builder_macro v0.20.2
Build wheels (macos-latest)	Build wheels	2025-12-03T16:17:16.9970050Z [1m[92m  Downloaded[0m dashmap v6.1.0
Build wheels (macos-latest)	Build wheels	2025-12-03T16:17:17.0072080Z [1m[92m  Downloaded[0m dashmap v5.5.3
Build wheels (macos-latest)	Build wheels	2025-12-03T16:17:17.0150490Z [1m[92m  Downloaded[0m darling v0.20.11
Build wheels (macos-latest)	Build wheels	2025-12-03T16:17:17.0456020Z [1m[92m  Downloaded[0m crypto-common v0.1.7
Build wheels (macos-latest)	Build wheels	2025-12-03T16:17:17.0558640Z [1m[92m  Downloaded[0m crossbeam-deque v0.8.6
Build wheels (macos-latest)	Build wheels	2025-12-03T16:17:17.0660490Z [1m[92m  Downloaded[0m clap_lex v0.7.6
Build wheels (macos-latest)	Build wheels	2025-12-03T16:17:17.0766040Z [1m[92m  Downloaded[0m ciborium-ll v0.2.2
Build wheels (macos-latest)	Build wheels	2025-12-03T16:17:17.0870360Z [1m[92m  Downloaded[0m ciborium v0.2.2
Build wheels (macos-latest)	Build wheels	2025-12-03T16:17:17.0973590Z [1m[92m  Downloaded[0m cfg-if v1.0.4
Build wheels (macos-latest)	Build wheels	2025-12-03T16:17:17.1076130Z [1m[92m  Downloaded[0m cexpr v0.6.0
Build wheels (macos-latest)	Build wheels	2025-12-03T16:17:17.1175680Z [1m[92m  Downloaded[0m cast v0.3.0
Build wheels (macos-latest)	Build wheels	2025-12-03T16:17:17.1294070Z [1m[92m  Downloaded[0m block-buffer v0.10.4
Build wheels (macos-latest)	Build wheels	2025-12-03T16:17:17.1395990Z [1m[92m  Downloaded[0m bit-vec v0.7.0
Build wheels (macos-latest)	Build wheels	2025-12-03T16:17:17.1497690Z [1m[92m  Downloaded[0m bincode v1.3.3
Build wheels (macos-latest)	Build wheels	2025-12-03T16:17:17.1623760Z [1m[92m  Downloaded[0m axum-core v0.5.5
Build wheels (macos-latest)	Build wheels	2025-12-03T16:17:17.1628880Z [1m[92m  Downloaded[0m autocfg v1.5.0
Build wheels (macos-latest)	Build wheels	2025-12-03T16:17:17.1732440Z [1m[92m  Downloaded[0m anstyle v1.0.13
Build wheels (macos-latest)	Build wheels	2025-12-03T16:17:17.1842900Z [1m[92m  Downloaded[0m anes v0.1.6
Build wheels (macos-latest)	Build wheels	2025-12-03T16:17:17.1945910Z [1m[92m  Downloaded[0m adler2 v2.0.1
Build wheels (macos-latest)	Build wheels	2025-12-03T16:17:17.2051030Z [1m[92m  Downloaded[0m serde_path_to_error v0.1.20
Build wheels (macos-latest)	Build wheels	2025-12-03T16:17:17.2155510Z [1m[92m  Downloaded[0m httpdate v1.0.3
Build wheels (macos-latest)	Build wheels	2025-12-03T16:17:17.2257300Z [1m[92m  Downloaded[0m http-body v1.0.1
Build wheels (macos-latest)	Build wheels	2025-12-03T16:17:17.2360970Z [1m[92m  Downloaded[0m heck v0.5.0
Build wheels (macos-latest)	Build wheels	2025-12-03T16:17:17.2471910Z [1m[92m  Downloaded[0m forwarded-header-value v0.1.1
Build wheels (macos-latest)	Build wheels	2025-12-03T16:17:17.2581930Z [1m[92m  Downloaded[0m form_urlencoded v1.2.2
Build wheels (macos-latest)	Build wheels	2025-12-03T16:17:17.2696240Z [1m[92m  Downloaded[0m foldhash v0.1.5
Build wheels (macos-latest)	Build wheels	2025-12-03T16:17:17.2804470Z [1m[92m  Downloaded[0m equivalent v1.0.2
Build wheels (macos-latest)	Build wheels	2025-12-03T16:17:17.2912610Z [1m[92m  Downloaded[0m darling_macro v0.20.11
Build wheels (macos-latest)	Build wheels	2025-12-03T16:17:17.3013980Z [1m[92m  Downloaded[0m cpufeatures v0.2.17
Build wheels (macos-latest)	Build wheels	2025-12-03T16:17:17.3116220Z [1m[92m  Downloaded[0m ciborium-io v0.2.2
Build wheels (macos-latest)	Build wheels	2025-12-03T16:17:17.4179310Z üì¶ Including license file `LICENSE`
Build wheels (macos-latest)	Build wheels	2025-12-03T16:17:17.4281200Z üçπ Building a mixed python/rust project
Build wheels (macos-latest)	Build wheels	2025-12-03T16:17:17.4384070Z üîó Found pyo3 bindings with abi3 support
Build wheels (macos-latest)	Build wheels	2025-12-03T16:17:17.6534620Z üêç Found CPython 3.11 at /Library/Frameworks/Python.framework/Versions/3.11/bin/python3
Build wheels (macos-latest)	Build wheels	2025-12-03T16:17:17.6636390Z üì° Using build options features from pyproject.toml
Build wheels (macos-latest)	Build wheels	2025-12-03T16:17:17.7434820Z üíª Using `MACOSX_DEPLOYMENT_TARGET=11.0` for aarch64-apple-darwin by default
Build wheels (macos-latest)	Build wheels	2025-12-03T16:17:18.5860820Z [1m[92m   Compiling[0m proc-macro2 v1.0.103
Build wheels (macos-latest)	Build wheels	2025-12-03T16:17:18.5973850Z [1m[92m   Compiling[0m unicode-ident v1.0.22
Build wheels (macos-latest)	Build wheels	2025-12-03T16:17:18.6076290Z [1m[92m   Compiling[0m quote v1.0.42
Build wheels (macos-latest)	Build wheels	2025-12-03T16:17:19.4427470Z [1m[92m   Compiling[0m libc v0.2.178
Build wheels (macos-latest)	Build wheels	2025-12-03T16:17:23.7115010Z [1m[92m   Compiling[0m cfg-if v1.0.4
Build wheels (macos-latest)	Build wheels	2025-12-03T16:17:23.7850820Z [1m[92m   Compiling[0m smallvec v1.15.1
Build wheels (macos-latest)	Build wheels	2025-12-03T16:17:24.2672710Z [1m[92m   Compiling[0m once_cell v1.21.3
Build wheels (macos-latest)	Build wheels	2025-12-03T16:17:24.4759370Z [1m[92m   Compiling[0m shlex v1.3.0
Build wheels (macos-latest)	Build wheels	2025-12-03T16:17:24.7372450Z [1m[92m   Compiling[0m find-msvc-tools v0.1.5
Build wheels (macos-latest)	Build wheels	2025-12-03T16:17:24.8725130Z [1m[92m   Compiling[0m syn v2.0.111
Build wheels (macos-latest)	Build wheels	2025-12-03T16:17:24.9492700Z [1m[92m   Compiling[0m scopeguard v1.2.0
Build wheels (macos-latest)	Build wheels	2025-12-03T16:17:25.0058380Z [1m[92m   Compiling[0m jobserver v0.1.34
Build wheels (macos-latest)	Build wheels	2025-12-03T16:17:25.0379020Z [1m[92m   Compiling[0m parking_lot_core v0.9.12
Build wheels (macos-latest)	Build wheels	2025-12-03T16:17:25.3300640Z [1m[92m   Compiling[0m cc v1.2.48
Build wheels (macos-latest)	Build wheels	2025-12-03T16:17:25.3822170Z [1m[92m   Compiling[0m lock_api v0.4.14
Build wheels (macos-latest)	Build wheels	2025-12-03T16:17:25.6319270Z [1m[92m   Compiling[0m pin-project-lite v0.2.16
Build wheels (macos-latest)	Build wheels	2025-12-03T16:17:25.6977640Z [1m[92m   Compiling[0m log v0.4.29
Build wheels (macos-latest)	Build wheels	2025-12-03T16:17:26.3029660Z [1m[92m   Compiling[0m autocfg v1.5.0
Build wheels (macos-latest)	Build wheels	2025-12-03T16:17:26.6335510Z [1m[92m   Compiling[0m futures-core v0.3.31
Build wheels (macos-latest)	Build wheels	2025-12-03T16:17:26.7486820Z [1m[92m   Compiling[0m itoa v1.0.15
Build wheels (macos-latest)	Build wheels	2025-12-03T16:17:26.8326020Z [1m[92m   Compiling[0m serde_core v1.0.228
Build wheels (macos-latest)	Build wheels	2025-12-03T16:17:27.1184730Z [1m[92m   Compiling[0m bytes v1.11.0
Build wheels (macos-latest)	Build wheels	2025-12-03T16:17:27.1696770Z [1m[92m   Compiling[0m target-lexicon v0.12.16
Build wheels (macos-latest)	Build wheels	2025-12-03T16:17:27.8203150Z [1m[92m   Compiling[0m parking_lot v0.12.5
Build wheels (macos-latest)	Build wheels	2025-12-03T16:17:28.4043660Z [1m[92m   Compiling[0m equivalent v1.0.2
Build wheels (macos-latest)	Build wheels	2025-12-03T16:17:28.4546530Z [1m[92m   Compiling[0m allocator-api2 v0.2.21
Build wheels (macos-latest)	Build wheels	2025-12-03T16:17:28.8186290Z [1m[92m   Compiling[0m synstructure v0.13.2
Build wheels (macos-latest)	Build wheels	2025-12-03T16:17:29.2988400Z [1m[92m   Compiling[0m memchr v2.7.6
Build wheels (macos-latest)	Build wheels	2025-12-03T16:17:29.8143570Z [1m[92m   Compiling[0m tracing-core v0.1.35
Build wheels (macos-latest)	Build wheels	2025-12-03T16:17:29.9345570Z [1m[92m   Compiling[0m stable_deref_trait v1.2.1
Build wheels (macos-latest)	Build wheels	2025-12-03T16:17:29.9588660Z [1m[92m   Compiling[0m pyo3-build-config v0.22.6
Build wheels (macos-latest)	Build wheels	2025-12-03T16:17:30.1667540Z [1m[92m   Compiling[0m zerofrom-derive v0.1.6
Build wheels (macos-latest)	Build wheels	2025-12-03T16:17:30.4360700Z [1m[92m   Compiling[0m yoke-derive v0.8.1
Build wheels (macos-latest)	Build wheels	2025-12-03T16:17:30.6650210Z [1m[92m   Compiling[0m tracing-attributes v0.1.31
Build wheels (macos-latest)	Build wheels	2025-12-03T16:17:31.2935280Z [1m[92m   Compiling[0m zerofrom v0.1.6
Build wheels (macos-latest)	Build wheels	2025-12-03T16:17:31.3979490Z [1m[92m   Compiling[0m tokio-macros v2.6.0
Build wheels (macos-latest)	Build wheels	2025-12-03T16:17:31.6092740Z [1m[92m   Compiling[0m yoke v0.8.1
Build wheels (macos-latest)	Build wheels	2025-12-03T16:17:31.7712370Z [1m[92m   Compiling[0m signal-hook-registry v1.4.7
Build wheels (macos-latest)	Build wheels	2025-12-03T16:17:32.1874840Z [1m[92m   Compiling[0m mio v1.1.0
Build wheels (macos-latest)	Build wheels	2025-12-03T16:17:32.6358760Z [1m[92m   Compiling[0m socket2 v0.6.1
Build wheels (macos-latest)	Build wheels	2025-12-03T16:17:33.0944010Z [1m[92m   Compiling[0m foldhash v0.2.0
Build wheels (macos-latest)	Build wheels	2025-12-03T16:17:33.1383910Z [1m[92m   Compiling[0m futures-sink v0.3.31
Build wheels (macos-latest)	Build wheels	2025-12-03T16:17:33.1633970Z [1m[92m   Compiling[0m tokio v1.48.0
Build wheels (macos-latest)	Build wheels	2025-12-03T16:17:33.2166680Z [1m[92m   Compiling[0m hashbrown v0.16.1
Build wheels (macos-latest)	Build wheels	2025-12-03T16:17:33.2690510Z [1m[92m   Compiling[0m tracing v0.1.43
Build wheels (macos-latest)	Build wheels	2025-12-03T16:17:33.7201650Z [1m[92m   Compiling[0m zerovec-derive v0.11.2
Build wheels (macos-latest)	Build wheels	2025-12-03T16:17:34.2043540Z [1m[92m   Compiling[0m displaydoc v0.2.5
Build wheels (macos-latest)	Build wheels	2025-12-03T16:17:34.7538240Z [1m[92m   Compiling[0m crossbeam-utils v0.8.21
Build wheels (macos-latest)	Build wheels	2025-12-03T16:17:34.8795600Z [1m[92m   Compiling[0m zerocopy v0.8.31
Build wheels (macos-latest)	Build wheels	2025-12-03T16:17:35.2105130Z [1m[92m   Compiling[0m serde v1.0.228
Build wheels (macos-latest)	Build wheels	2025-12-03T16:17:35.5483060Z [1m[92m   Compiling[0m zerovec v0.11.5
Build wheels (macos-latest)	Build wheels	2025-12-03T16:17:36.0177330Z [1m[92m   Compiling[0m zerocopy-derive v0.8.31
Build wheels (macos-latest)	Build wheels	2025-12-03T16:17:36.1003340Z [1m[92m   Compiling[0m serde_derive v1.0.228
Build wheels (macos-latest)	Build wheels	2025-12-03T16:17:37.1819000Z [1m[92m   Compiling[0m http v1.4.0
Build wheels (macos-latest)	Build wheels	2025-12-03T16:17:38.6885570Z [1m[92m   Compiling[0m slab v0.4.11
Build wheels (macos-latest)	Build wheels	2025-12-03T16:17:38.8636840Z [1m[92m   Compiling[0m tokio-util v0.7.17
Build wheels (macos-latest)	Build wheels	2025-12-03T16:17:40.1758050Z [1m[92m   Compiling[0m indexmap v2.12.1
Build wheels (macos-latest)	Build wheels	2025-12-03T16:17:40.8993140Z [1m[92m   Compiling[0m num-traits v0.2.19
Build wheels (macos-latest)	Build wheels	2025-12-03T16:17:41.1528510Z [1m[92m   Compiling[0m pin-utils v0.1.0
Build wheels (macos-latest)	Build wheels	2025-12-03T16:17:41.3426720Z [1m[92m   Compiling[0m http-body v1.0.1
Build wheels (macos-latest)	Build wheels	2025-12-03T16:17:41.4596350Z [1m[92m   Compiling[0m getrandom v0.2.16
Build wheels (macos-latest)	Build wheels	2025-12-03T16:17:41.4705840Z [1m[92m   Compiling[0m tower-service v0.3.3
Build wheels (macos-latest)	Build wheels	2025-12-03T16:17:41.5360930Z [1m[92m   Compiling[0m pkg-config v0.3.32
Build wheels (macos-latest)	Build wheels	2025-12-03T16:17:41.6321930Z [1m[92m   Compiling[0m futures-task v0.3.31
Build wheels (macos-latest)	Build wheels	2025-12-03T16:17:41.7416750Z [1m[92m   Compiling[0m glob v0.3.3
Build wheels (macos-latest)	Build wheels	2025-12-03T16:17:41.9559480Z [1m[92m   Compiling[0m futures-util v0.3.31
Build wheels (macos-latest)	Build wheels	2025-12-03T16:17:42.0298380Z [1m[92m   Compiling[0m clang-sys v1.8.1
Build wheels (macos-latest)	Build wheels	2025-12-03T16:17:42.8595300Z [1m[92m   Compiling[0m tinystr v0.8.2
Build wheels (macos-latest)	Build wheels	2025-12-03T16:17:43.0670020Z [1m[92m   Compiling[0m httparse v1.10.1
Build wheels (macos-latest)	Build wheels	2025-12-03T16:17:43.1824360Z [1m[92m   Compiling[0m getrandom v0.3.4
Build wheels (macos-latest)	Build wheels	2025-12-03T16:17:43.5400020Z [1m[92m   Compiling[0m writeable v0.6.2
Build wheels (macos-latest)	Build wheels	2025-12-03T16:17:43.5501350Z [1m[92m   Compiling[0m litemap v0.8.1
Build wheels (macos-latest)	Build wheels	2025-12-03T16:17:43.7185620Z [1m[92m   Compiling[0m percent-encoding v2.3.2
Build wheels (macos-latest)	Build wheels	2025-12-03T16:17:43.7366860Z [1m[92m   Compiling[0m fnv v1.0.7
Build wheels (macos-latest)	Build wheels	2025-12-03T16:17:43.7805890Z [1m[92m   Compiling[0m icu_locale_core v2.1.1
Build wheels (macos-latest)	Build wheels	2025-12-03T16:17:43.9664220Z [1m[92m   Compiling[0m ppv-lite86 v0.2.21
Build wheels (macos-latest)	Build wheels	2025-12-03T16:17:44.1745490Z [1m[92m   Compiling[0m potential_utf v0.1.4
Build wheels (macos-latest)	Build wheels	2025-12-03T16:17:44.2841680Z [1m[92m   Compiling[0m zerotrie v0.2.3
Build wheels (macos-latest)	Build wheels	2025-12-03T16:17:44.6673670Z [1m[92m   Compiling[0m icu_normalizer_data v2.1.1
Build wheels (macos-latest)	Build wheels	2025-12-03T16:17:44.8429890Z [1m[92m   Compiling[0m ident_case v1.0.1
Build wheels (macos-latest)	Build wheels	2025-12-03T16:17:44.8933300Z [1m[92m   Compiling[0m tower-layer v0.3.3
Build wheels (macos-latest)	Build wheels	2025-12-03T16:17:45.0038710Z [1m[92m   Compiling[0m try-lock v0.2.5
Build wheels (macos-latest)	Build wheels	2025-12-03T16:17:45.0642330Z [1m[92m   Compiling[0m httpdate v1.0.3
Build wheels (macos-latest)	Build wheels	2025-12-03T16:17:45.0753050Z [1m[92m   Compiling[0m ryu v1.0.20
Build wheels (macos-latest)	Build wheels	2025-12-03T16:17:45.2568930Z [1m[92m   Compiling[0m strsim v0.11.1
Build wheels (macos-latest)	Build wheels	2025-12-03T16:17:45.2772460Z [1m[92m   Compiling[0m serde_json v1.0.145
Build wheels (macos-latest)	Build wheels	2025-12-03T16:17:45.4061030Z [1m[92m   Compiling[0m atomic-waker v1.1.2
Build wheels (macos-latest)	Build wheels	2025-12-03T16:17:45.4704730Z [1m[92m   Compiling[0m regex-syntax v0.8.8
Build wheels (macos-latest)	Build wheels	2025-12-03T16:17:45.4893890Z [1m[92m   Compiling[0m version_check v0.9.5
Build wheels (macos-latest)	Build wheels	2025-12-03T16:17:45.6023020Z [1m[92m   Compiling[0m minimal-lexical v0.2.1
Build wheels (macos-latest)	Build wheels	2025-12-03T16:17:45.8261680Z [1m[92m   Compiling[0m typenum v1.19.0
Build wheels (macos-latest)	Build wheels	2025-12-03T16:17:45.8362020Z [1m[92m   Compiling[0m icu_properties_data v2.1.1
Build wheels (macos-latest)	Build wheels	2025-12-03T16:17:46.0570610Z [1m[92m   Compiling[0m generic-array v0.14.7
Build wheels (macos-latest)	Build wheels	2025-12-03T16:17:46.1870720Z [1m[92m   Compiling[0m nom v7.1.3
Build wheels (macos-latest)	Build wheels	2025-12-03T16:17:46.2425420Z [1m[92m   Compiling[0m darling_core v0.20.11
Build wheels (macos-latest)	Build wheels	2025-12-03T16:17:48.3538380Z [1m[92m   Compiling[0m regex-automata v0.4.13
Build wheels (macos-latest)	Build wheels	2025-12-03T16:17:49.0026330Z [1m[92m   Compiling[0m h2 v0.4.12
Build wheels (macos-latest)	Build wheels	2025-12-03T16:17:49.4448810Z [1m[92m   Compiling[0m libloading v0.8.9
Build wheels (macos-latest)	Build wheels	2025-12-03T16:17:49.5474150Z [1m[92m   Compiling[0m want v0.3.1
Build wheels (macos-latest)	Build wheels	2025-12-03T16:17:49.6529800Z [1m[92m   Compiling[0m icu_provider v2.1.1
Build wheels (macos-latest)	Build wheels	2025-12-03T16:17:49.8636430Z [1m[92m   Compiling[0m icu_collections v2.1.1
Build wheels (macos-latest)	Build wheels	2025-12-03T16:17:50.5132470Z [1m[92m   Compiling[0m form_urlencoded v1.2.2
Build wheels (macos-latest)	Build wheels	2025-12-03T16:17:50.5915200Z [1m[92m   Compiling[0m ring v0.17.14
Build wheels (macos-latest)	Build wheels	2025-12-03T16:17:50.6219600Z [1m[92m   Compiling[0m lz4-sys v1.11.1+lz4-1.10.0
Build wheels (macos-latest)	Build wheels	2025-12-03T16:17:50.8480970Z [1m[92m   Compiling[0m futures-channel v0.3.31
Build wheels (macos-latest)	Build wheels	2025-12-03T16:17:50.9475270Z [1m[92m   Compiling[0m matrixmultiply v0.3.10
Build wheels (macos-latest)	Build wheels	2025-12-03T16:17:50.9828760Z [1m[92m   Compiling[0m bitflags v2.10.0
Build wheels (macos-latest)	Build wheels	2025-12-03T16:17:51.0909220Z [1m[92m   Compiling[0m bindgen v0.69.5
Build wheels (macos-latest)	Build wheels	2025-12-03T16:17:51.1535080Z [1m[92m   Compiling[0m either v1.15.0
Build wheels (macos-latest)	Build wheels	2025-12-03T16:17:51.2501160Z [1m[92m   Compiling[0m mime v0.3.17
Build wheels (macos-latest)	Build wheels	2025-12-03T16:17:51.2602680Z [1m[92m   Compiling[0m zeroize v1.8.2
Build wheels (macos-latest)	Build wheels	2025-12-03T16:17:51.3357780Z [1m[92m   Compiling[0m thiserror v1.0.69
Build wheels (macos-latest)	Build wheels	2025-12-03T16:17:51.4626930Z [1m[92m   Compiling[0m crc32fast v1.5.0
Build wheels (macos-latest)	Build wheels	2025-12-03T16:17:51.6103830Z [1m[92m   Compiling[0m rustls-pki-types v1.13.1
Build wheels (macos-latest)	Build wheels	2025-12-03T16:17:51.7298490Z [1m[92m   Compiling[0m itertools v0.12.1
Build wheels (macos-latest)	Build wheels	2025-12-03T16:17:52.4623210Z [1m[92m   Compiling[0m hyper v1.8.1
Build wheels (macos-latest)	Build wheels	2025-12-03T16:17:55.2883960Z [1m[92m   Compiling[0m regex v1.12.2
Build wheels (macos-latest)	Build wheels	2025-12-03T16:17:59.4119600Z [1m[92m   Compiling[0m darling_macro v0.20.11
Build wheels (macos-latest)	Build wheels	2025-12-03T16:18:00.7617320Z [1m[92m   Compiling[0m cexpr v0.6.0
Build wheels (macos-latest)	Build wheels	2025-12-03T16:18:01.9912960Z [1m[92m   Compiling[0m http-body-util v0.1.3
Build wheels (macos-latest)	Build wheels	2025-12-03T16:18:02.3362970Z [1m[92m   Compiling[0m crossbeam-epoch v0.9.18
Build wheels (macos-latest)	Build wheels	2025-12-03T16:18:02.5481450Z [1m[92m   Compiling[0m pyo3-macros-backend v0.22.6
Build wheels (macos-latest)	Build wheels	2025-12-03T16:18:02.6895040Z [1m[92m   Compiling[0m pyo3-ffi v0.22.6
Build wheels (macos-latest)	Build wheels	2025-12-03T16:18:02.8501540Z [1m[92m   Compiling[0m thiserror-impl v1.0.69
Build wheels (macos-latest)	Build wheels	2025-12-03T16:18:02.9961400Z [1m[92m   Compiling[0m aho-corasick v1.1.4
Build wheels (macos-latest)	Build wheels	2025-12-03T16:18:04.1792430Z [1m[92m   Compiling[0m rayon-core v1.13.0
Build wheels (macos-latest)	Build wheels	2025-12-03T16:18:04.3107920Z [1m[92m   Compiling[0m rustc-hash v1.1.0
Build wheels (macos-latest)	Build wheels	2025-12-03T16:18:04.3814790Z [1m[92m   Compiling[0m sync_wrapper v1.0.2
Build wheels (macos-latest)	Build wheels	2025-12-03T16:18:04.3899840Z [1m[92m   Compiling[0m lazycell v1.3.0
Build wheels (macos-latest)	Build wheels	2025-12-03T16:18:04.5530880Z [1m[92m   Compiling[0m lazy_static v1.5.0
Build wheels (macos-latest)	Build wheels	2025-12-03T16:18:04.6142450Z [1m[92m   Compiling[0m simd-adler32 v0.3.7
Build wheels (macos-latest)	Build wheels	2025-12-03T16:18:05.3104500Z [1m[92m   Compiling[0m rawpointer v0.2.1
Build wheels (macos-latest)	Build wheels	2025-12-03T16:18:10.3759940Z [1m[92m   Compiling[0m crossbeam-deque v0.8.6
Build wheels (macos-latest)	Build wheels	2025-12-03T16:18:10.9980900Z [1m[92m   Compiling[0m icu_properties v2.1.1
Build wheels (macos-latest)	Build wheels	2025-12-03T16:18:11.2903640Z [1m[92m   Compiling[0m darling v0.20.11
Build wheels (macos-latest)	Build wheels	2025-12-03T16:18:11.3509430Z [1m[92m   Compiling[0m icu_normalizer v2.1.1
Build wheels (macos-latest)	Build wheels	2025-12-03T16:18:12.0267500Z [1m[92m   Compiling[0m hyper-util v0.1.19
Build wheels (macos-latest)	Build wheels	2025-12-03T16:18:12.1731840Z [1m[92m   Compiling[0m rand_core v0.9.3
Build wheels (macos-latest)	Build wheels	2025-12-03T16:18:12.4335730Z [1m[92m   Compiling[0m num-integer v0.1.46
Build wheels (macos-latest)	Build wheels	2025-12-03T16:18:12.8363410Z [1m[92m   Compiling[0m num-complex v0.4.6
Build wheels (macos-latest)	Build wheels	2025-12-03T16:18:13.2368630Z [1m[92m   Compiling[0m onig_sys v69.9.1
Build wheels (macos-latest)	Build wheels	2025-12-03T16:18:13.5403130Z [1m[92m   Compiling[0m memoffset v0.9.1
Build wheels (macos-latest)	Build wheels	2025-12-03T16:18:13.6954530Z [1m[92m   Compiling[0m untrusted v0.9.0
Build wheels (macos-latest)	Build wheels	2025-12-03T16:18:13.8307410Z [1m[92m   Compiling[0m rustix v1.1.2
Build wheels (macos-latest)	Build wheels	2025-12-03T16:18:14.1095890Z [1m[92m   Compiling[0m heck v0.5.0
Build wheels (macos-latest)	Build wheels	2025-12-03T16:18:14.3178190Z [1m[92m   Compiling[0m thiserror v2.0.17
Build wheels (macos-latest)	Build wheels	2025-12-03T16:18:14.5693440Z [1m[92m   Compiling[0m adler2 v2.0.1
Build wheels (macos-latest)	Build wheels	2025-12-03T16:18:14.5832440Z [1m[92m   Compiling[0m paste v1.0.15
Build wheels (macos-latest)	Build wheels	2025-12-03T16:18:14.6338100Z [1m[92m   Compiling[0m portable-atomic v1.11.1
Build wheels (macos-latest)	Build wheels	2025-12-03T16:18:14.7460170Z [1m[92m   Compiling[0m hashbrown v0.14.5
Build wheels (macos-latest)	Build wheels	2025-12-03T16:18:15.0043980Z [1m[92m   Compiling[0m unicase v2.8.1
Build wheels (macos-latest)	Build wheels	2025-12-03T16:18:15.1292810Z [1m[92m   Compiling[0m mime_guess v2.0.5
Build wheels (macos-latest)	Build wheels	2025-12-03T16:18:15.4051860Z [1m[92m   Compiling[0m miniz_oxide v0.8.9
Build wheels (macos-latest)	Build wheels	2025-12-03T16:18:20.0014830Z [1m[92m   Compiling[0m rand_chacha v0.9.0
Build wheels (macos-latest)	Build wheels	2025-12-03T16:18:20.9493380Z [1m[92m   Compiling[0m idna_adapter v1.2.1
Build wheels (macos-latest)	Build wheels	2025-12-03T16:18:21.0215090Z [1m[92m   Compiling[0m derive_builder_core v0.20.2
Build wheels (macos-latest)	Build wheels	2025-12-03T16:18:21.2730800Z [1m[92m   Compiling[0m librocksdb-sys v0.16.0+8.10.0
Build wheels (macos-latest)	Build wheels	2025-12-03T16:18:22.1707100Z [1m[92m   Compiling[0m tower v0.5.2
Build wheels (macos-latest)	Build wheels	2025-12-03T16:18:22.9724270Z [1m[92m   Compiling[0m axum-core v0.5.5
Build wheels (macos-latest)	Build wheels	2025-12-03T16:18:23.2338350Z [1m[92m   Compiling[0m serde_urlencoded v0.7.1
Build wheels (macos-latest)	Build wheels	2025-12-03T16:18:23.4731430Z [1m[92m   Compiling[0m ort-sys v2.0.0-rc.10
Build wheels (macos-latest)	Build wheels	2025-12-03T16:18:23.6870810Z [1m[92m   Compiling[0m rand_core v0.6.4
Build wheels (macos-latest)	Build wheels	2025-12-03T16:18:23.8258250Z [1m[92m   Compiling[0m pyo3 v0.22.6
Build wheels (macos-latest)	Build wheels	2025-12-03T16:18:23.9883310Z [1m[92m   Compiling[0m thiserror-impl v2.0.17
Build wheels (macos-latest)	Build wheels	2025-12-03T16:18:24.4285110Z [1m[92m   Compiling[0m pin-project-internal v1.1.10
Build wheels (macos-latest)	Build wheels	2025-12-03T16:18:24.9185700Z [1m[92m   Compiling[0m serde_path_to_error v0.1.20
Build wheels (macos-latest)	Build wheels	2025-12-03T16:18:25.1997440Z [1m[92m   Compiling[0m errno v0.3.14
Build wheels (macos-latest)	Build wheels	2025-12-03T16:18:25.2877740Z [1m[92m   Compiling[0m foldhash v0.1.5
Build wheels (macos-latest)	Build wheels	2025-12-03T16:18:25.4030560Z [1m[92m   Compiling[0m matchit v0.8.4
Build wheels (macos-latest)	Build wheels	2025-12-03T16:18:25.4041090Z [1m[92m   Compiling[0m protobuf v2.28.0
Build wheels (macos-latest)	Build wheels	2025-12-03T16:18:25.6139640Z [1m[92m   Compiling[0m esaxx-rs v0.1.10
Build wheels (macos-latest)	Build wheels	2025-12-03T16:18:25.7575870Z [1m[92m   Compiling[0m rustls v0.23.35
Build wheels (macos-latest)	Build wheels	2025-12-03T16:18:25.8325040Z [1m[92m   Compiling[0m base64 v0.22.1
Build wheels (macos-latest)	Build wheels	2025-12-03T16:18:25.9515900Z [1m[92m   Compiling[0m utf8_iter v1.0.4
Build wheels (macos-latest)	Build wheels	2025-12-03T16:18:26.0387270Z [1m[92m   Compiling[0m idna v1.1.0
Build wheels (macos-latest)	Build wheels	2025-12-03T16:18:26.2511430Z [1m[92m   Compiling[0m axum v0.8.7
Build wheels (macos-latest)	Build wheels	2025-12-03T16:18:28.9242610Z [1m[92m   Compiling[0m hashbrown v0.15.5
Build wheels (macos-latest)	Build wheels	2025-12-03T16:18:30.2645110Z [1m[92m   Compiling[0m pin-project v1.1.10
Build wheels (macos-latest)	Build wheels	2025-12-03T16:18:30.3254430Z [1m[92m   Compiling[0m rand_chacha v0.3.1
Build wheels (macos-latest)	Build wheels	2025-12-03T16:18:30.5931920Z [1m[92m   Compiling[0m rayon v1.11.0
Build wheels (macos-latest)	Build wheels	2025-12-03T16:18:31.5251930Z [1m[92m   Compiling[0m derive_builder_macro v0.20.2
Build wheels (macos-latest)	Build wheels	2025-12-03T16:18:31.9160260Z [1m[92m   Compiling[0m rand v0.9.2
Build wheels (macos-latest)	Build wheels	2025-12-03T16:18:32.7151460Z [1m[92m   Compiling[0m pyo3-macros v0.22.6
Build wheels (macos-latest)	Build wheels	2025-12-03T16:18:33.0500580Z [1m[92m   Compiling[0m rustls-webpki v0.103.8
Build wheels (macos-latest)	Build wheels	2025-12-03T16:18:34.0518960Z [1m[92m   Compiling[0m flate2 v1.1.5
Build wheels (macos-latest)	Build wheels	2025-12-03T16:18:34.7680290Z [1m[92m   Compiling[0m dashmap v6.1.0
Build wheels (macos-latest)	Build wheels	2025-12-03T16:18:35.4441800Z [1m[92m   Compiling[0m hyper-timeout v0.5.2
Build wheels (macos-latest)	Build wheels	2025-12-03T16:18:35.6168730Z [1m[92m   Compiling[0m ndarray v0.16.1
Build wheels (macos-latest)	Build wheels	2025-12-03T16:18:35.7097870Z [1m[92m   Compiling[0m crypto-common v0.1.7
Build wheels (macos-latest)	Build wheels	2025-12-03T16:18:35.8015950Z [1m[92m   Compiling[0m block-buffer v0.10.4
Build wheels (macos-latest)	Build wheels	2025-12-03T16:18:36.0508270Z [1m[92m   Compiling[0m itertools v0.11.0
Build wheels (macos-latest)	Build wheels	2025-12-03T16:18:37.1581230Z [1m[92m   Compiling[0m webpki-roots v1.0.4
Build wheels (macos-latest)	Build wheels	2025-12-03T16:18:37.2325630Z [1m[92m   Compiling[0m quanta v0.12.6
Build wheels (macos-latest)	Build wheels	2025-12-03T16:18:37.4723310Z [1m[92m   Compiling[0m tokio-stream v0.1.17
Build wheels (macos-latest)	Build wheels	2025-12-03T16:18:37.7835220Z [1m[92m   Compiling[0m monostate-impl v0.1.18
Build wheels (macos-latest)	Build wheels	2025-12-03T16:18:38.1755530Z [1m[92m   Compiling[0m async-trait v0.1.89
Build wheels (macos-latest)	Build wheels	2025-12-03T16:18:39.2958090Z [1m[92m   Compiling[0m spinning_top v0.3.0
Build wheels (macos-latest)	Build wheels	2025-12-03T16:18:39.3966980Z [1m[92m   Compiling[0m nonempty v0.7.0
Build wheels (macos-latest)	Build wheels	2025-12-03T16:18:39.5074790Z [1m[92m   Compiling[0m futures-timer v3.0.3
Build wheels (macos-latest)	Build wheels	2025-12-03T16:18:39.5799930Z [1m[92m   Compiling[0m prometheus v0.13.4
Build wheels (macos-latest)	Build wheels	2025-12-03T16:18:39.6966230Z [1m[92m   Compiling[0m indoc v2.0.7
Build wheels (macos-latest)	Build wheels	2025-12-03T16:18:39.8734390Z [1m[92m   Compiling[0m zip v2.4.2
Build wheels (macos-latest)	Build wheels	2025-12-03T16:18:39.9981280Z [1m[92m   Compiling[0m base64 v0.13.1
Build wheels (macos-latest)	Build wheels	2025-12-03T16:18:40.0092650Z [1m[92m   Compiling[0m core-foundation-sys v0.8.7
Build wheels (macos-latest)	Build wheels	2025-12-03T16:18:40.1680240Z [1m[92m   Compiling[0m bumpalo v3.19.0
Build wheels (macos-latest)	Build wheels	2025-12-03T16:18:40.2126950Z [1m[92m   Compiling[0m unindent v0.2.4
Build wheels (macos-latest)	Build wheels	2025-12-03T16:18:40.3464380Z [1m[92m   Compiling[0m macro_rules_attribute-proc_macro v0.2.2
Build wheels (macos-latest)	Build wheels	2025-12-03T16:18:40.3478770Z [1m[92m   Compiling[0m option-ext v0.2.0
Build wheels (macos-latest)	Build wheels	2025-12-03T16:18:40.4283460Z [1m[92m   Compiling[0m nonzero_ext v0.3.0
Build wheels (macos-latest)	Build wheels	2025-12-03T16:18:40.4798500Z [1m[92m   Compiling[0m unicode-segmentation v1.12.0
Build wheels (macos-latest)	Build wheels	2025-12-03T16:18:40.7217070Z [1m[92m   Compiling[0m web-time v1.1.0
Build wheels (macos-latest)	Build wheels	2025-12-03T16:18:40.7530060Z [1m[92m   Compiling[0m anyhow v1.0.100
Build wheels (macos-latest)	Build wheels	2025-12-03T16:18:40.9458700Z [1m[92m   Compiling[0m subtle v2.6.1
Build wheels (macos-latest)	Build wheels	2025-12-03T16:18:41.0300130Z [1m[92m   Compiling[0m spm_precompiled v0.1.4
Build wheels (macos-latest)	Build wheels	2025-12-03T16:18:41.3910010Z [1m[92m   Compiling[0m governor v0.10.2
Build wheels (macos-latest)	Build wheels	2025-12-03T16:18:41.9051750Z [1m[92m   Compiling[0m macro_rules_attribute v0.2.2
Build wheels (macos-latest)	Build wheels	2025-12-03T16:18:41.9761550Z [1m[92m   Compiling[0m dirs-sys v0.4.1
Build wheels (macos-latest)	Build wheels	2025-12-03T16:18:42.0670090Z [1m[92m   Compiling[0m zopfli v0.8.3
Build wheels (macos-latest)	Build wheels	2025-12-03T16:18:48.0105900Z [1m[92m   Compiling[0m iana-time-zone v0.1.64
Build wheels (macos-latest)	Build wheels	2025-12-03T16:18:48.6543260Z [1m[92m   Compiling[0m forwarded-header-value v0.1.1
Build wheels (macos-latest)	Build wheels	2025-12-03T16:18:49.1282770Z [1m[92m   Compiling[0m tonic v0.14.2
Build wheels (macos-latest)	Build wheels	2025-12-03T16:18:55.0075260Z [1m[92m   Compiling[0m monostate v0.1.18
Build wheels (macos-latest)	Build wheels	2025-12-03T16:18:55.2661540Z [1m[92m   Compiling[0m webpki-roots v0.26.11
Build wheels (macos-latest)	Build wheels	2025-12-03T16:18:55.3367860Z [1m[92m   Compiling[0m rayon-cond v0.3.0
Build wheels (macos-latest)	Build wheels	2025-12-03T16:18:55.4712170Z [1m[92m   Compiling[0m digest v0.10.7
Build wheels (macos-latest)	Build wheels	2025-12-03T16:18:55.6331020Z [1m[92m   Compiling[0m derive_builder v0.20.2
Build wheels (macos-latest)	Build wheels	2025-12-03T16:18:56.0041470Z [1m[92m   Compiling[0m onig v6.5.1
Build wheels (macos-latest)	Build wheels	2025-12-03T16:18:56.4449440Z [1m[92m   Compiling[0m rand v0.8.5
Build wheels (macos-latest)	Build wheels	2025-12-03T16:18:56.5978680Z [1m[92m   Compiling[0m xattr v1.6.1
Build wheels (macos-latest)	Build wheels	2025-12-03T16:18:57.1726360Z [1m[92m   Compiling[0m url v2.5.7
Build wheels (macos-latest)	Build wheels	2025-12-03T16:18:58.7240640Z [1m[92m   Compiling[0m sharded-slab v0.1.7
Build wheels (macos-latest)	Build wheels	2025-12-03T16:18:59.2018740Z [1m[92m   Compiling[0m matchers v0.2.0
Build wheels (macos-latest)	Build wheels	2025-12-03T16:19:01.5746920Z [1m[92m   Compiling[0m half v2.7.1
Build wheels (macos-latest)	Build wheels	2025-12-03T16:19:01.8576520Z [1m[92m   Compiling[0m tracing-log v0.2.0
Build wheels (macos-latest)	Build wheels	2025-12-03T16:19:02.0506340Z [1m[92m   Compiling[0m cpufeatures v0.2.17
Build wheels (macos-latest)	Build wheels	2025-12-03T16:19:02.1110140Z [1m[92m   Compiling[0m filetime v0.2.26
Build wheels (macos-latest)	Build wheels	2025-12-03T16:19:02.2386200Z [1m[92m   Compiling[0m unicode-normalization-alignments v0.1.12
Build wheels (macos-latest)	Build wheels	2025-12-03T16:19:03.0267950Z [1m[92m   Compiling[0m thread_local v1.1.9
Build wheels (macos-latest)	Build wheels	2025-12-03T16:19:03.2318830Z [1m[92m   Compiling[0m smallvec v2.0.0-alpha.10
Build wheels (macos-latest)	Build wheels	2025-12-03T16:19:03.4907870Z [1m[92m   Compiling[0m bit-vec v0.7.0
Build wheels (macos-latest)	Build wheels	2025-12-03T16:19:03.7631620Z [1m[92m   Compiling[0m siphasher v1.0.1
Build wheels (macos-latest)	Build wheels	2025-12-03T16:19:03.8937970Z [1m[92m   Compiling[0m fixedbitset v0.5.7
Build wheels (macos-latest)	Build wheels	2025-12-03T16:19:04.1906370Z [1m[92m   Compiling[0m unicode_categories v0.1.1
Build wheels (macos-latest)	Build wheels	2025-12-03T16:19:04.3468150Z [1m[92m   Compiling[0m http-range-header v0.4.2
Build wheels (macos-latest)	Build wheels	2025-12-03T16:19:04.7957170Z [1m[92m   Compiling[0m nu-ansi-term v0.50.3
Build wheels (macos-latest)	Build wheels	2025-12-03T16:19:05.2589190Z [1m[92m   Compiling[0m numpy v0.22.1
Build wheels (macos-latest)	Build wheels	2025-12-03T16:19:07.4584400Z [1m[92m   Compiling[0m tracing-subscriber v0.3.22
Build wheels (macos-latest)	Build wheels	2025-12-03T16:19:11.3913300Z [1m[92m   Compiling[0m tower-http v0.5.2
Build wheels (macos-latest)	Build wheels	2025-12-03T16:19:11.4342830Z [1m[92m   Compiling[0m tokenizers v0.20.4
Build wheels (macos-latest)	Build wheels	2025-12-03T16:19:12.8024090Z [1m[92m   Compiling[0m petgraph v0.8.3
Build wheels (macos-latest)	Build wheels	2025-12-03T16:19:15.3578430Z [1m[92m   Compiling[0m bloomfilter v1.0.16
Build wheels (macos-latest)	Build wheels	2025-12-03T16:19:15.4770540Z [1m[92m   Compiling[0m ort v2.0.0-rc.10
Build wheels (macos-latest)	Build wheels	2025-12-03T16:19:22.9841490Z [1m[92m   Compiling[0m tar v0.4.44
Build wheels (macos-latest)	Build wheels	2025-12-03T16:19:24.8457640Z [1m[92m   Compiling[0m sha2 v0.10.9
Build wheels (macos-latest)	Build wheels	2025-12-03T16:19:27.7157710Z [1m[92m   Compiling[0m ureq v2.12.1
Build wheels (macos-latest)	Build wheels	2025-12-03T16:19:30.2779200Z [1m[92m   Compiling[0m tower_governor v0.8.0
Build wheels (macos-latest)	Build wheels	2025-12-03T16:19:33.1008960Z [1m[92m   Compiling[0m chrono v0.4.42
Build wheels (macos-latest)	Build wheels	2025-12-03T16:19:36.4255930Z [1m[92m   Compiling[0m dirs v5.0.1
Build wheels (macos-latest)	Build wheels	2025-12-03T16:19:36.9557510Z [1m[92m   Compiling[0m lru v0.12.5
Build wheels (macos-latest)	Build wheels	2025-12-03T16:19:37.0699680Z [1m[92m   Compiling[0m lz4 v1.28.1
Build wheels (macos-latest)	Build wheels	2025-12-03T16:19:37.2387750Z [1m[92m   Compiling[0m dashmap v5.5.3
Build wheels (macos-latest)	Build wheels	2025-12-03T16:19:37.8881630Z [1m[92m   Compiling[0m ndarray v0.15.6
Build wheels (macos-latest)	Build wheels	2025-12-03T16:19:44.1026410Z [1m[92m   Compiling[0m uuid v1.19.0
Build wheels (macos-latest)	Build wheels	2025-12-03T16:19:44.7154820Z [1m[92m   Compiling[0m tower v0.4.13
Build wheels (macos-latest)	Build wheels	2025-12-03T16:19:45.2662820Z [1m[92m   Compiling[0m ordered-float v4.6.0
Build wheels (macos-latest)	Build wheels	2025-12-03T16:19:45.7541130Z [1m[92m   Compiling[0m bincode v1.3.3
Build wheels (macos-latest)	Build wheels	2025-12-03T16:19:46.4335410Z [1m[92m   Compiling[0m memmap2 v0.9.9
Build wheels (macos-latest)	Build wheels	2025-12-03T16:23:44.5101370Z [1m[92m   Compiling[0m rocksdb v0.22.0
Build wheels (macos-latest)	Build wheels	2025-12-03T16:23:47.5473350Z [1m[92m   Compiling[0m shodh-memory v0.1.0 (/Users/runner/work/shodh-memory/shodh-memory)
Build wheels (macos-latest)	Build wheels	2025-12-03T16:24:59.4715090Z [1m[92m    Finished[0m `release` profile [optimized] target(s) in 7m 41s
Build wheels (macos-latest)	Build wheels	2025-12-03T16:24:59.9732520Z üì¶ Built wheel for abi3 Python ‚â• 3.8 to dist/shodh_memory-0.1.0-cp38-abi3-macosx_11_0_arm64.whl
Build wheels (macos-latest)	Upload wheels	Ôªø2025-12-03T16:25:00.0219880Z ##[group]Run actions/upload-artifact@v4
Build wheels (macos-latest)	Upload wheels	2025-12-03T16:25:00.0220240Z with:
Build wheels (macos-latest)	Upload wheels	2025-12-03T16:25:00.0220430Z   name: wheels-aarch64-apple-darwin
Build wheels (macos-latest)	Upload wheels	2025-12-03T16:25:00.0220660Z   path: dist/*.whl
Build wheels (macos-latest)	Upload wheels	2025-12-03T16:25:00.0220870Z   if-no-files-found: warn
Build wheels (macos-latest)	Upload wheels	2025-12-03T16:25:00.0221140Z   compression-level: 6
Build wheels (macos-latest)	Upload wheels	2025-12-03T16:25:00.0221340Z   overwrite: false
Build wheels (macos-latest)	Upload wheels	2025-12-03T16:25:00.0221530Z   include-hidden-files: false
Build wheels (macos-latest)	Upload wheels	2025-12-03T16:25:00.0221690Z env:
Build wheels (macos-latest)	Upload wheels	2025-12-03T16:25:00.0222040Z   pythonLocation: /Users/runner/hostedtoolcache/Python/3.11.9/arm64
Build wheels (macos-latest)	Upload wheels	2025-12-03T16:25:00.0222730Z   PKG_CONFIG_PATH: /Users/runner/hostedtoolcache/Python/3.11.9/arm64/lib/pkgconfig
Build wheels (macos-latest)	Upload wheels	2025-12-03T16:25:00.0223160Z   Python_ROOT_DIR: /Users/runner/hostedtoolcache/Python/3.11.9/arm64
Build wheels (macos-latest)	Upload wheels	2025-12-03T16:25:00.0223590Z   Python2_ROOT_DIR: /Users/runner/hostedtoolcache/Python/3.11.9/arm64
Build wheels (macos-latest)	Upload wheels	2025-12-03T16:25:00.0223950Z   Python3_ROOT_DIR: /Users/runner/hostedtoolcache/Python/3.11.9/arm64
Build wheels (macos-latest)	Upload wheels	2025-12-03T16:25:00.0224260Z   CARGO_HOME: /Users/runner/.cargo
Build wheels (macos-latest)	Upload wheels	2025-12-03T16:25:00.0224620Z   CARGO_INCREMENTAL: 0
Build wheels (macos-latest)	Upload wheels	2025-12-03T16:25:00.0224820Z   CARGO_TERM_COLOR: always
Build wheels (macos-latest)	Upload wheels	2025-12-03T16:25:00.0225010Z ##[endgroup]
Build wheels (macos-latest)	Upload wheels	2025-12-03T16:25:00.5563040Z With the provided path, there will be 1 file uploaded
Build wheels (macos-latest)	Upload wheels	2025-12-03T16:25:00.5564400Z Artifact name is valid!
Build wheels (macos-latest)	Upload wheels	2025-12-03T16:25:00.5565180Z Root directory input is valid!
Build wheels (macos-latest)	Upload wheels	2025-12-03T16:25:00.6883010Z Beginning upload of artifact content to blob storage
Build wheels (macos-latest)	Upload wheels	2025-12-03T16:25:01.1451720Z Uploaded bytes 4419975
Build wheels (macos-latest)	Upload wheels	2025-12-03T16:25:01.1615910Z Finished uploading artifact content to blob storage!
Build wheels (macos-latest)	Upload wheels	2025-12-03T16:25:01.1616590Z SHA256 digest of uploaded artifact zip is d165c304c9181c99b2f451e1fc71f07884cd54fdf80c6027470887f042d71fbd
Build wheels (macos-latest)	Upload wheels	2025-12-03T16:25:01.1617120Z Finalizing artifact upload
Build wheels (macos-latest)	Upload wheels	2025-12-03T16:25:01.2551920Z Artifact wheels-aarch64-apple-darwin.zip successfully finalized. Artifact ID 4753471436
Build wheels (macos-latest)	Upload wheels	2025-12-03T16:25:01.2588520Z Artifact wheels-aarch64-apple-darwin has been successfully uploaded! Final size is 4419975 bytes. Artifact ID is 4753471436
Build wheels (macos-latest)	Upload wheels	2025-12-03T16:25:01.2591060Z Artifact download URL: https://github.com/varun29ankuS/shodh-memory/actions/runs/19900767967/artifacts/4753471436
Build wheels (macos-latest)	Post Run actions/setup-python@v5	Ôªø2025-12-03T16:25:01.2731160Z Post job cleanup.
Build wheels (macos-latest)	Post Run actions/checkout@v4	Ôªø2025-12-03T16:25:01.7995340Z Post job cleanup.
Build wheels (macos-latest)	Post Run actions/checkout@v4	2025-12-03T16:25:01.9280950Z [command]/opt/homebrew/bin/git version
Build wheels (macos-latest)	Post Run actions/checkout@v4	2025-12-03T16:25:01.9687460Z git version 2.50.1
Build wheels (macos-latest)	Post Run actions/checkout@v4	2025-12-03T16:25:01.9717530Z Copying '/Users/runner/.gitconfig' to '/Users/runner/work/_temp/ee108bba-c602-4a35-a458-ad9c96a4e7b9/.gitconfig'
Build wheels (macos-latest)	Post Run actions/checkout@v4	2025-12-03T16:25:01.9725840Z Temporarily overriding HOME='/Users/runner/work/_temp/ee108bba-c602-4a35-a458-ad9c96a4e7b9' before making global git config changes
Build wheels (macos-latest)	Post Run actions/checkout@v4	2025-12-03T16:25:01.9726660Z Adding repository directory to the temporary git global config as a safe directory
Build wheels (macos-latest)	Post Run actions/checkout@v4	2025-12-03T16:25:01.9735070Z [command]/opt/homebrew/bin/git config --global --add safe.directory /Users/runner/work/shodh-memory/shodh-memory
Build wheels (macos-latest)	Post Run actions/checkout@v4	2025-12-03T16:25:02.0001090Z [command]/opt/homebrew/bin/git config --local --name-only --get-regexp core\.sshCommand
Build wheels (macos-latest)	Post Run actions/checkout@v4	2025-12-03T16:25:02.0083100Z [command]/opt/homebrew/bin/git submodule foreach --recursive sh -c "git config --local --name-only --get-regexp 'core\.sshCommand' && git config --local --unset-all 'core.sshCommand' || :"
Build wheels (macos-latest)	Post Run actions/checkout@v4	2025-12-03T16:25:02.2908230Z [command]/opt/homebrew/bin/git config --local --name-only --get-regexp http\.https\:\/\/github\.com\/\.extraheader
Build wheels (macos-latest)	Post Run actions/checkout@v4	2025-12-03T16:25:02.2929530Z http.https://github.com/.extraheader
Build wheels (macos-latest)	Post Run actions/checkout@v4	2025-12-03T16:25:02.3089340Z [command]/opt/homebrew/bin/git config --local --unset-all http.https://github.com/.extraheader
Build wheels (macos-latest)	Post Run actions/checkout@v4	2025-12-03T16:25:02.3318770Z [command]/opt/homebrew/bin/git submodule foreach --recursive sh -c "git config --local --name-only --get-regexp 'http\.https\:\/\/github\.com\/\.extraheader' && git config --local --unset-all 'http.https://github.com/.extraheader' || :"
Build wheels (macos-latest)	Post Run actions/checkout@v4	2025-12-03T16:25:02.5134230Z [command]/opt/homebrew/bin/git config --local --name-only --get-regexp ^includeIf\.gitdir:
Build wheels (macos-latest)	Post Run actions/checkout@v4	2025-12-03T16:25:02.5216700Z [command]/opt/homebrew/bin/git submodule foreach --recursive git config --local --show-origin --name-only --get-regexp remote.origin.url
Build wheels (macos-latest)	Complete job	Ôªø2025-12-03T16:25:02.7875050Z Cleaning up orphan processes
